Component: ARM Compiler 5.06 update 7 (build 960) Tool: armlink [4d3601]

==============================================================================

Section Cross References

    main.o(i.HAL_GetTick) refers to rtx_kernel.o(.text.osKernelGetState) for osKernelGetState
    main.o(i.HAL_GetTick) refers to rtx_kernel.o(.text.osKernelGetTickCount) for osKernelGetTickCount
    main.o(i.HAL_GetTick) refers to system_stm32f4xx.o(.data) for SystemCoreClock
    main.o(i.HAL_GetTick) refers to main.o(.data) for ticks
    main.o(i.SystemClock_Config) refers to stm32f4xx_hal_rcc.o(i.HAL_RCC_OscConfig) for HAL_RCC_OscConfig
    main.o(i.SystemClock_Config) refers to main.o(i.Error_Handler) for Error_Handler
    main.o(i.SystemClock_Config) refers to stm32f4xx_hal_rcc.o(i.HAL_RCC_ClockConfig) for HAL_RCC_ClockConfig
    main.o(i.SystemClock_Config) refers to stm32f4xx_hal.o(i.HAL_GetREVID) for HAL_GetREVID
    main.o(i.main) refers to stm32f4xx_hal.o(i.HAL_Init) for HAL_Init
    main.o(i.main) refers to main.o(i.SystemClock_Config) for SystemClock_Config
    main.o(i.main) refers to system_stm32f4xx.o(i.SystemCoreClockUpdate) for SystemCoreClockUpdate
    main.o(i.main) refers to stm32f4xx_hal_cortex.o(i.HAL_NVIC_EnableIRQ) for HAL_NVIC_EnableIRQ
    main.o(i.main) refers to rtx_kernel.o(.text.osKernelInitialize) for osKernelInitialize
    main.o(i.main) refers to control.o(i.Init_ThCtrl) for Init_ThCtrl
    main.o(i.main) refers to rtx_kernel.o(.text.osKernelStart) for osKernelStart
    thjoy.o(i.EXTI15_10_IRQHandler) refers to stm32f4xx_hal_gpio.o(i.HAL_GPIO_EXTI_IRQHandler) for HAL_GPIO_EXTI_IRQHandler
    thjoy.o(i.HAL_GPIO_EXTI_Callback) refers to rtx_thread.o(.text.osThreadFlagsSet) for osThreadFlagsSet
    thjoy.o(i.HAL_GPIO_EXTI_Callback) refers to thjoy.o(.data) for tid_Thjoy
    thjoy.o(i.Init_Joystick) refers to stm32f4xx_hal_gpio.o(i.HAL_GPIO_Init) for HAL_GPIO_Init
    thjoy.o(i.Init_Joystick) refers to thjoy.o(.bss) for GPIO_InitStruct
    thjoy.o(i.Init_MsgQueue_JOY) refers to rtx_msgqueue.o(.text.osMessageQueueNew) for osMessageQueueNew
    thjoy.o(i.Init_MsgQueue_JOY) refers to thjoy.o(.data) for queueJoy
    thjoy.o(i.Init_Thjoy) refers to thjoy.o(i.Init_MsgQueue_JOY) for Init_MsgQueue_JOY
    thjoy.o(i.Init_Thjoy) refers to rtx_thread.o(.text.osThreadNew) for osThreadNew
    thjoy.o(i.Init_Thjoy) refers to thjoy.o(i.Thjoy) for Thjoy
    thjoy.o(i.Init_Thjoy) refers to thjoy.o(.data) for tid_Thjoy
    thjoy.o(i.Thjoy) refers to thjoy.o(i.Init_Joystick) for Init_Joystick
    thjoy.o(i.Thjoy) refers to thjoy.o(i.timer_rebotes_init) for timer_rebotes_init
    thjoy.o(i.Thjoy) refers to thjoy.o(i.timer_long_pulse_init) for timer_long_pulse_init
    thjoy.o(i.Thjoy) refers to rtx_thread.o(.text.osThreadFlagsWait) for osThreadFlagsWait
    thjoy.o(i.Thjoy) refers to thjoy.o(i.timer_long_pulse_start) for timer_long_pulse_start
    thjoy.o(i.Thjoy) refers to thjoy.o(i.timer_rebotes_start) for timer_rebotes_start
    thjoy.o(i.Thjoy) refers to thjoy.o(i.addItemToQueue) for addItemToQueue
    thjoy.o(i.Thjoy) refers to stm32f4xx_hal_gpio.o(i.HAL_GPIO_ReadPin) for HAL_GPIO_ReadPin
    thjoy.o(i.Thjoy) refers to thjoy.o(i.timer_long_pulse_stop) for timer_long_pulse_stop
    thjoy.o(i.Thjoy) refers to rtx_thread.o(.text.osThreadFlagsClear) for osThreadFlagsClear
    thjoy.o(i.Thjoy) refers to thjoy.o(.data) for state
    thjoy.o(i.Timer_long_pulse_Callback) refers to rtx_thread.o(.text.osThreadFlagsSet) for osThreadFlagsSet
    thjoy.o(i.Timer_long_pulse_Callback) refers to thjoy.o(.data) for tid_Thjoy
    thjoy.o(i.Timer_rebotes_Callback) refers to rtx_thread.o(.text.osThreadFlagsSet) for osThreadFlagsSet
    thjoy.o(i.Timer_rebotes_Callback) refers to thjoy.o(.data) for tid_Thjoy
    thjoy.o(i.addItemToQueue) refers to rtx_msgqueue.o(.text.osMessageQueuePut) for osMessageQueuePut
    thjoy.o(i.addItemToQueue) refers to thjoy.o(.data) for queueJoy
    thjoy.o(i.timer_long_pulse_init) refers to rtx_timer.o(.text.osTimerNew) for osTimerNew
    thjoy.o(i.timer_long_pulse_init) refers to thjoy.o(i.Timer_long_pulse_Callback) for Timer_long_pulse_Callback
    thjoy.o(i.timer_long_pulse_init) refers to thjoy.o(.data) for tim_id_long_pulse
    thjoy.o(i.timer_long_pulse_start) refers to rtx_timer.o(.text.osTimerStart) for osTimerStart
    thjoy.o(i.timer_long_pulse_start) refers to thjoy.o(.data) for tim_id_long_pulse
    thjoy.o(i.timer_long_pulse_stop) refers to rtx_timer.o(.text.osTimerStop) for osTimerStop
    thjoy.o(i.timer_long_pulse_stop) refers to thjoy.o(.data) for tim_id_long_pulse
    thjoy.o(i.timer_rebotes_init) refers to rtx_timer.o(.text.osTimerNew) for osTimerNew
    thjoy.o(i.timer_rebotes_init) refers to thjoy.o(i.Timer_rebotes_Callback) for Timer_rebotes_Callback
    thjoy.o(i.timer_rebotes_init) refers to thjoy.o(.data) for tim_id_rebotes
    thjoy.o(i.timer_rebotes_start) refers to rtx_timer.o(.text.osTimerStart) for osTimerStart
[...]
    osKernelGetState                         0x080012e5   Thumb Code    40  rtx_kernel.o(.text.osKernelGetState)
    osKernelGetTickCount                     0x08001315   Thumb Code    32  rtx_kernel.o(.text.osKernelGetTickCount)
    osKernelInitialize                       0x0800133d   Thumb Code    40  rtx_kernel.o(.text.osKernelInitialize)
    osKernelStart                            0x08001369   Thumb Code    32  rtx_kernel.o(.text.osKernelStart)
    osMessageQueueGet                        0x0800138d   Thumb Code   108  rtx_msgqueue.o(.text.osMessageQueueGet)
    osMessageQueueNew                        0x080013fd   Thumb Code    32  rtx_msgqueue.o(.text.osMessageQueueNew)
    osMessageQueuePut                        0x08001421   Thumb Code   124  rtx_msgqueue.o(.text.osMessageQueuePut)
    osMutexAcquire                           0x080014a1   Thumb Code    32  rtx_mutex.o(.text.osMutexAcquire)
    osMutexDelete                            0x080014c5   Thumb Code    32  rtx_mutex.o(.text.osMutexDelete)
    osMutexNew                               0x080014e9   Thumb Code    32  rtx_mutex.o(.text.osMutexNew)
    osMutexRelease                           0x0800150d   Thumb Code    32  rtx_mutex.o(.text.osMutexRelease)
    osRtxKernelErrorNotify                   0x08001531   Thumb Code     4  rtx_kernel.o(.text.osRtxKernelErrorNotify)
    osRtxKernelPreInit                       0x08001535   Thumb Code     2  rtx_kernel.o(.text.osRtxKernelPreInit)
    osRtxMemoryAlloc                         0x08001537   Thumb Code   108  rtx_memory.o(.text.osRtxMemoryAlloc)
    osRtxMemoryFree                          0x080015a3   Thumb Code    66  rtx_memory.o(.text.osRtxMemoryFree)
    osRtxMemoryInit                          0x080015e5   Thumb Code    54  rtx_memory.o(.text.osRtxMemoryInit)
    osRtxMemoryPoolAlloc                     0x0800161b   Thumb Code    58  rtx_mempool.o(.text.osRtxMemoryPoolAlloc)
    osRtxMemoryPoolFree                      0x08001655   Thumb Code    74  rtx_mempool.o(.text.osRtxMemoryPoolFree)
    osRtxMemoryPoolInit                      0x0800169f   Thumb Code    56  rtx_mempool.o(.text.osRtxMemoryPoolInit)
    osRtxMessageQueueTimerSetup              0x08001781   Thumb Code    32  rtx_msgqueue.o(.text.osRtxMessageQueueTimerSetup)
    osRtxMutexOwnerRelease                   0x080017a9   Thumb Code    72  rtx_mutex.o(.text.osRtxMutexOwnerRelease)
    osRtxMutexOwnerRestore                   0x080017f1   Thumb Code    66  rtx_mutex.o(.text.osRtxMutexOwnerRestore)
    osRtxPendSV_Handler                      0x08001835   Thumb Code   136  rtx_system.o(.text.osRtxPendSV_Handler)
    osRtxPostProcess                         0x080018c1   Thumb Code   108  rtx_system.o(.text.osRtxPostProcess)
    osRtxThreadDelayTick                     0x08001a2d   Thumb Code    72  rtx_thread.o(.text.osRtxThreadDelayTick)
    osRtxThreadDispatch                      0x08001a9d   Thumb Code    80  rtx_thread.o(.text.osRtxThreadDispatch)
    osRtxThreadListGet                       0x08001b67   Thumb Code    18  rtx_thread.o(.text.osRtxThreadListGet)
    osRtxThreadListPut                       0x08001b79   Thumb Code    44  rtx_thread.o(.text.osRtxThreadListPut)
    osRtxThreadListRemove                    0x08001ba5   Thumb Code    20  rtx_thread.o(.text.osRtxThreadListRemove)
    osRtxThreadListSort                      0x08001bc5   Thumb Code    38  rtx_thread.o(.text.osRtxThreadListSort)
    osRtxThreadReadyPut                      0x08001c15   Thumb Code    16  rtx_thread.o(.text.osRtxThreadReadyPut)
    osRtxThreadRegPtr                        0x08001c29   Thumb Code     6  rtx_thread.o(.text.osRtxThreadRegPtr)
    osRtxThreadStartup                       0x08001c31   Thumb Code    48  rtx_thread.o(.text.osRtxThreadStartup)
    osRtxThreadSwitch                        0x08001c6d   Thumb Code    12  rtx_thread.o(.text.osRtxThreadSwitch)
    osRtxThreadWaitEnter                     0x08001c7d   Thumb Code    56  rtx_thread.o(.text.osRtxThreadWaitEnter)
    osRtxThreadWaitExit                      0x08001cb9   Thumb Code    34  rtx_thread.o(.text.osRtxThreadWaitExit)
    osRtxTick_Handler                        0x08001cdd   Thumb Code   116  rtx_system.o(.text.osRtxTick_Handler)
    osRtxTimerSetup                          0x08001d55   Thumb Code    24  rtx_timer.o(.text.osRtxTimerSetup)
    osRtxTimerThread                         0x08001d75   Thumb Code    32  rtx_timer.o(.text.osRtxTimerThread)
    osThreadExit                             0x08001e05   Thumb Code     8  rtx_thread.o(.text.osThreadExit)
    osThreadFlagsClear                       0x08001e11   Thumb Code    32  rtx_thread.o(.text.osThreadFlagsClear)
    osThreadFlagsSet                         0x08001e35   Thumb Code    84  rtx_thread.o(.text.osThreadFlagsSet)
    osThreadFlagsWait                        0x08001e8d   Thumb Code    32  rtx_thread.o(.text.osThreadFlagsWait)
    osThreadNew                              0x08001eb1   Thumb Code    32  rtx_thread.o(.text.osThreadNew)
    osTimerNew                               0x08001ed5   Thumb Code    32  rtx_timer.o(.text.osTimerNew)
    osTimerStart                             0x08001ef9   Thumb Code    32  rtx_timer.o(.text.osTimerStart)
    osTimerStop                              0x08001f1d   Thumb Code    32  rtx_timer.o(.text.osTimerStop)
    _btod_d2e                                0x08002a01   Thumb Code    62  btod.o(CL$$btod_d2e)
    _d2e_denorm_low                          0x08002a3f   Thumb Code    70  btod.o(CL$$btod_d2e_denorm_low)
    _d2e_norm_op1                            0x08002a85   Thumb Code    96  btod.o(CL$$btod_d2e_norm_op1)
    __btod_div_common                        0x08002ae5   Thumb Code   696  btod.o(CL$$btod_div_common)
    _e2e                                     0x08002e1d   Thumb Code   220  btod.o(CL$$btod_e2e)
    _btod_ediv                               0x08002ef9   Thumb Code    42  btod.o(CL$$btod_ediv)
    _btod_emul                               0x08002f23   Thumb Code    42  btod.o(CL$$btod_emul)
    __btod_mult_common                       0x08002f4d   Thumb Code   580  btod.o(CL$$btod_mult_common)
    ADC1_pins_F429ZI_config                  0x08003191   Thumb Code    64  vol.o(i.ADC1_pins_F429ZI_config)
    ADC_Init_Single_Conversion               0x08003339   Thumb Code   106  vol.o(i.ADC_Init_Single_Conversion)
    ADC_getVoltage                           0x080033b1   Thumb Code   100  vol.o(i.ADC_getVoltage)
    BusFault_Handler                         0x0800341d   Thumb Code     4  stm32f4xx_it.o(i.BusFault_Handler)
    DebugMon_Handler                         0x0800352b   Thumb Code     2  stm32f4xx_it.o(i.DebugMon_Handler)
    EXTI15_10_IRQHandler                     0x080035c9   Thumb Code    52  thjoy.o(i.EXTI15_10_IRQHandler)
    HAL_ADC_ConfigChannel                    0x08003c99   Thumb Code   400  stm32f4xx_hal_adc.o(i.HAL_ADC_ConfigChannel)
    HAL_ADC_GetValue                         0x08003e3d   Thumb Code     8  stm32f4xx_hal_adc.o(i.HAL_ADC_GetValue)
    HAL_ADC_Init                             0x08003e45   Thumb Code   100  stm32f4xx_hal_adc.o(i.HAL_ADC_Init)
    HAL_ADC_MspInit                          0x08003ead   Thumb Code     2  stm32f4xx_hal_adc.o(i.HAL_ADC_MspInit)
    HAL_ADC_PollForConversion                0x08003eaf   Thumb Code   194  stm32f4xx_hal_adc.o(i.HAL_ADC_PollForConversion)
    HAL_ADC_Start                            0x08003f71   Thumb Code   290  stm32f4xx_hal_adc.o(i.HAL_ADC_Start)
    HAL_DMA_Abort                            0x080040ad   Thumb Code   170  stm32f4xx_hal_dma.o(i.HAL_DMA_Abort)
    HAL_DMA_Abort_IT                         0x08004157   Thumb Code    40  stm32f4xx_hal_dma.o(i.HAL_DMA_Abort_IT)
    HAL_DMA_Init                             0x08004181   Thumb Code   232  stm32f4xx_hal_dma.o(i.HAL_DMA_Init)
    HAL_DMA_Start_IT                         0x0800426d   Thumb Code   146  stm32f4xx_hal_dma.o(i.HAL_DMA_Start_IT)
    HAL_Delay                                0x08004301   Thumb Code    36  stm32f4xx_hal.o(i.HAL_Delay)
    HAL_GPIO_DeInit                          0x08004329   Thumb Code   336  stm32f4xx_hal_gpio.o(i.HAL_GPIO_DeInit)
    HAL_GPIO_EXTI_Callback                   0x080044a9   Thumb Code   180  thjoy.o(i.HAL_GPIO_EXTI_Callback)
    HAL_GPIO_EXTI_IRQHandler                 0x08004575   Thumb Code    24  stm32f4xx_hal_gpio.o(i.HAL_GPIO_EXTI_IRQHandler)
    HAL_GPIO_Init                            0x08004591   Thumb Code   486  stm32f4xx_hal_gpio.o(i.HAL_GPIO_Init)
    HAL_GPIO_ReadPin                         0x080047ad   Thumb Code    16  stm32f4xx_hal_gpio.o(i.HAL_GPIO_ReadPin)
    HAL_GPIO_WritePin                        0x080047bd   Thumb Code    12  stm32f4xx_hal_gpio.o(i.HAL_GPIO_WritePin)
    HAL_GetREVID                             0x080047c9   Thumb Code     8  stm32f4xx_hal.o(i.HAL_GetREVID)
    HAL_GetTick                              0x080047d5   Thumb Code    66  main.o(i.HAL_GetTick)
    HAL_Init                                 0x08004821   Thumb Code    44  stm32f4xx_hal.o(i.HAL_Init)
    HAL_InitTick                             0x08004851   Thumb Code    64  stm32f4xx_hal.o(i.HAL_InitTick)
    HAL_MspInit                              0x0800489d   Thumb Code     2  stm32f4xx_hal.o(i.HAL_MspInit)
    HAL_NVIC_ClearPendingIRQ                 0x080048a1   Thumb Code    30  stm32f4xx_hal_cortex.o(i.HAL_NVIC_ClearPendingIRQ)
    HAL_NVIC_DisableIRQ                      0x080048c5   Thumb Code    38  stm32f4xx_hal_cortex.o(i.HAL_NVIC_DisableIRQ)
    HAL_NVIC_EnableIRQ                       0x080048f1   Thumb Code    40  stm32f4xx_hal_cortex.o(i.HAL_NVIC_EnableIRQ)
    HAL_NVIC_SetPriority                     0x08004919   Thumb Code   124  stm32f4xx_hal_cortex.o(i.HAL_NVIC_SetPriority)
    HAL_NVIC_SetPriorityGrouping             0x08004995   Thumb Code    32  stm32f4xx_hal_cortex.o(i.HAL_NVIC_SetPriorityGrouping)
    HAL_RCC_ClockConfig                      0x080049bd   Thumb Code   368  stm32f4xx_hal_rcc.o(i.HAL_RCC_ClockConfig)
    HAL_RCC_GetHCLKFreq                      0x08004b41   Thumb Code     6  stm32f4xx_hal_rcc.o(i.HAL_RCC_GetHCLKFreq)
    HAL_RCC_GetPCLK1Freq                     0x08004b4d   Thumb Code    22  stm32f4xx_hal_rcc.o(i.HAL_RCC_GetPCLK1Freq)
    HAL_RCC_GetPCLK2Freq                     0x08004b6d   Thumb Code    22  stm32f4xx_hal_rcc.o(i.HAL_RCC_GetPCLK2Freq)
    HAL_RCC_GetSysClockFreq                  0x08004b8d   Thumb Code   162  stm32f4xx_hal_rcc.o(i.HAL_RCC_GetSysClockFreq)
    HAL_RCC_OscConfig                        0x08004c3d   Thumb Code  1152  stm32f4xx_hal_rcc.o(i.HAL_RCC_OscConfig)
    HAL_SYSTICK_Config                       0x080050c5   Thumb Code    52  stm32f4xx_hal_cortex.o(i.HAL_SYSTICK_Config)
    HAL_TIM_Base_DeInit                      0x080050f9   Thumb Code    70  stm32f4xx_hal_tim.o(i.HAL_TIM_Base_DeInit)
    HAL_TIM_Base_Init                        0x0800513f   Thumb Code    52  stm32f4xx_hal_tim.o(i.HAL_TIM_Base_Init)
    HAL_TIM_Base_MspDeInit                   0x08005173   Thumb Code     2  stm32f4xx_hal_tim.o(i.HAL_TIM_Base_MspDeInit)
    HAL_TIM_Base_MspInit                     0x08005175   Thumb Code     2  stm32f4xx_hal_tim.o(i.HAL_TIM_Base_MspInit)
    HAL_TIM_Base_Start                       0x08005177   Thumb Code    42  stm32f4xx_hal_tim.o(i.HAL_TIM_Base_Start)
    HAL_TIM_Base_Stop                        0x080051a1   Thumb Code    56  stm32f4xx_hal_tim.o(i.HAL_TIM_Base_Stop)
    HAL_TIM_PWM_ConfigChannel                0x080051d9   Thumb Code   264  stm32f4xx_hal_tim.o(i.HAL_TIM_PWM_ConfigChannel)
    HAL_TIM_PWM_Init                         0x080052e1   Thumb Code    52  stm32f4xx_hal_tim.o(i.HAL_TIM_PWM_Init)
    HAL_TIM_PWM_MspInit                      0x08005315   Thumb Code     2  stm32f4xx_hal_tim.o(i.HAL_TIM_PWM_MspInit)
    HAL_TIM_PWM_Start                        0x08005319   Thumb Code    80  stm32f4xx_hal_tim.o(i.HAL_TIM_PWM_Start)
    HAL_TIM_PWM_Stop                         0x08005371   Thumb Code   126  stm32f4xx_hal_tim.o(i.HAL_TIM_PWM_Stop)
    HardFault_Handler                        0x080053f9   Thumb Code     4  stm32f4xx_it.o(i.HardFault_Handler)
    I2C1_ER_IRQHandler                       0x08005415   Thumb Code    10  i2c_stm32f4xx.o(i.I2C1_ER_IRQHandler)
    I2C1_EV_IRQHandler                       0x08005425   Thumb Code    10  i2c_stm32f4xx.o(i.I2C1_EV_IRQHandler)
    I2C2_ER_IRQHandler                       0x08005515   Thumb Code    10  i2c_stm32f4xx.o(i.I2C2_ER_IRQHandler)
    I2C2_EV_IRQHandler                       0x08005525   Thumb Code    10  i2c_stm32f4xx.o(i.I2C2_EV_IRQHandler)
    Init_MsgQueue_RDA_TOC                    0x08006be1   Thumb Code    32  rda5807m.o(i.Init_MsgQueue_RDA_TOC)
    Init_MsgQueue_TEMP                       0x08006c05   Thumb Code    20  temp.o(i.Init_MsgQueue_TEMP)
    Init_MsgQueue_VOL                        0x08006c1d   Thumb Code    20  vol.o(i.Init_MsgQueue_VOL)
    Init_MsgQueue_control                    0x08006c35   Thumb Code    96  control.o(i.Init_MsgQueue_control)
    Init_ThCom                               0x08006d55   Thumb Code    38  com.o(i.Init_ThCom)
    Init_ThCtrl                              0x08006d89   Thumb Code    96  control.o(i.Init_ThCtrl)
    Init_ThPwm                               0x08006e0d   Thumb Code    32  pwm.o(i.Init_ThPwm)
    Init_ThRDA                               0x08006e35   Thumb Code    42  rda5807m.o(i.Init_ThRDA)
    Init_ThTemp                              0x08006e71   Thumb Code    36  temp.o(i.Init_ThTemp)
    Init_ThVol                               0x08006ea1   Thumb Code    36  vol.o(i.Init_ThVol)
    Init_Thjoy                               0x08006ed1   Thumb Code    26  thjoy.o(i.Init_Thjoy)
    Init_Thlcd                               0x08006ef9   Thumb Code    38  thlcd.o(i.Init_Thlcd)
    Init_Thtime                              0x08006f2d   Thumb Code    14  time.o(i.Init_Thtime)
    LCD_Clean                                0x08007019   Thumb Code    26  thlcd.o(i.LCD_Clean)
    MemManage_Handler                        0x08007351   Thumb Code     4  stm32f4xx_it.o(i.MemManage_Handler)
    NMI_Handler                              0x08007355   Thumb Code     2  stm32f4xx_it.o(i.NMI_Handler)
    SPI1_IRQHandler                          0x0800747d   Thumb Code    10  spi_stm32f4xx.o(i.SPI1_IRQHandler)
    SystemCoreClockUpdate                    0x08008359   Thumb Code   170  system_stm32f4xx.o(i.SystemCoreClockUpdate)
    SystemInit                               0x08008419   Thumb Code    10  system_stm32f4xx.o(i.SystemInit)
    TIM_Base_SetConfig                       0x08008429   Thumb Code   170  stm32f4xx_hal_tim.o(i.TIM_Base_SetConfig)
    TIM_CCxChannelCmd                        0x08008501   Thumb Code    34  stm32f4xx_hal_tim.o(i.TIM_CCxChannelCmd)
    TIM_OC2_SetConfig                        0x08008595   Thumb Code   114  stm32f4xx_hal_tim.o(i.TIM_OC2_SetConfig)
    ThCom                                    0x080086dd   Thumb Code    90  com.o(i.ThCom)
    ThCtrl                                   0x08008749   Thumb Code  3772  control.o(i.ThCtrl)
    ThVol                                    0x080096d1   Thumb Code   158  vol.o(i.ThVol)
    Thlcd                                    0x08009885   Thumb Code    66  thlcd.o(i.Thlcd)
    USART3_IRQHandler                        0x08009c05   Thumb Code    10  usart_stm32f4xx.o(i.USART3_IRQHandler)
    USART_IRQHandler                         0x0800a677   Thumb Code   626  usart_stm32f4xx.o(i.USART_IRQHandler)
    UsageFault_Handler                       0x0800b119   Thumb Code     4  stm32f4xx_it.o(i.UsageFault_Handler)
    __ARM_fpclassify                         0x0800b1c1   Thumb Code    40  fpclassify.o(i.__ARM_fpclassify)
    _is_digit                                0x0800b221   Thumb Code    14  __printf_wp.o(i._is_digit)
    _mutex_acquire                           0x0800b22f   Thumb Code    22  rtx_lib.o(i._mutex_acquire)
    _mutex_free                              0x0800b245   Thumb Code    12  rtx_lib.o(i._mutex_free)
    _mutex_initialize                        0x0800b251   Thumb Code    34  rtx_lib.o(i._mutex_initialize)
    _mutex_release                           0x0800b273   Thumb Code    18  rtx_lib.o(i._mutex_release)
    _platform_post_stackheap_init            0x0800b285   Thumb Code     8  rtx_lib.o(i._platform_post_stackheap_init)
    main                                     0x0800b54d   Thumb Code    34  main.o(i.main)
    myUSART_callback                         0x0800b63d   Thumb Code    38  com.o(i.myUSART_callback)
    osRtxErrorNotify                         0x0800b669   Thumb Code    32  rtx_config.o(i.osRtxErrorNotify)
    osRtxIdleThread                          0x0800b689   Thumb Code     4  rtx_config.o(i.osRtxIdleThread)
    timer_restart                            0x0800b84d   Thumb Code    28  time.o(i.timer_restart)
    timer_stop                               0x0800b881   Thumb Code    12  time.o(i.timer_stop)
    _get_lc_numeric                          0x0800b891   Thumb Code    44  lc_numeric_c.o(locale$$code)
    __aeabi_d2f                              0x0800b8bd   Thumb Code     0  d2f.o(x$fpl$d2f)
    _d2f                                     0x0800b8bd   Thumb Code    98  d2f.o(x$fpl$d2f)
    __aeabi_dadd                             0x0800b921   Thumb Code     0  daddsub_clz.o(x$fpl$dadd)
    _dadd                                    0x0800b921   Thumb Code   332  daddsub_clz.o(x$fpl$dadd)
    __aeabi_ddiv                             0x0800ba71   Thumb Code     0  ddiv.o(x$fpl$ddiv)
    _ddiv                                    0x0800ba71   Thumb Code   552  ddiv.o(x$fpl$ddiv)
    __aeabi_d2iz                             0x0800bd21   Thumb Code     0  dfix.o(x$fpl$dfix)
    _dfix                                    0x0800bd21   Thumb Code    94  dfix.o(x$fpl$dfix)
    __aeabi_dmul                             0x0800bd81   Thumb Code     0  dmul.o(x$fpl$dmul)
    _dmul                                    0x0800bd81   Thumb Code   332  dmul.o(x$fpl$dmul)
    __fpl_dnaninf                            0x0800bed5   Thumb Code   156  dnaninf.o(x$fpl$dnaninf)
    __fpl_dretinf                            0x0800bf71   Thumb Code    12  dretinf.o(x$fpl$dretinf)
    __aeabi_dsub                             0x0800bf7d   Thumb Code     0  daddsub_clz.o(x$fpl$dsub)
    _dsub                                    0x0800bf7d   Thumb Code   464  daddsub_clz.o(x$fpl$dsub)
    __aeabi_f2d                              0x0800c151   Thumb Code     0  f2d.o(x$fpl$f2d)
    _f2d                                     0x0800c151   Thumb Code    86  f2d.o(x$fpl$f2d)
    __aeabi_fadd                             0x0800c1a9   Thumb Code     0  faddsub_clz.o(x$fpl$fadd)
    _fadd                                    0x0800c1a9   Thumb Code   196  faddsub_clz.o(x$fpl$fadd)
    __fpl_fcmp_Inf                           0x0800c26d   Thumb Code    24  fcmpi.o(x$fpl$fcmpinf)
    __aeabi_fdiv                             0x0800c285   Thumb Code     0  fdiv.o(x$fpl$fdiv)
    _fdiv                                    0x0800c285   Thumb Code   384  fdiv.o(x$fpl$fdiv)
    __aeabi_i2f                              0x0800c409   Thumb Code     0  fflt_clz.o(x$fpl$fflt)
    _fflt                                    0x0800c409   Thumb Code    48  fflt_clz.o(x$fpl$fflt)
    __aeabi_ui2f                             0x0800c439   Thumb Code     0  fflt_clz.o(x$fpl$ffltu)
    _ffltu                                   0x0800c439   Thumb Code    38  fflt_clz.o(x$fpl$ffltu)
    __aeabi_cfcmple                          0x0800c461   Thumb Code     0  fleqf.o(x$fpl$fleqf)
    _fcmple                                  0x0800c461   Thumb Code   104  fleqf.o(x$fpl$fleqf)
    __fpl_fcmple_InfNaN                      0x0800c4b3   Thumb Code     0  fleqf.o(x$fpl$fleqf)
    __aeabi_fmul                             0x0800c4c9   Thumb Code     0  fmul.o(x$fpl$fmul)
    _fmul                                    0x0800c4c9   Thumb Code   258  fmul.o(x$fpl$fmul)
    __fpl_fnaninf                            0x0800c5cb   Thumb Code   140  fnaninf.o(x$fpl$fnaninf)
    __fpl_fretinf                            0x0800c657   Thumb Code    10  fretinf.o(x$fpl$fretinf)
    __aeabi_cfrcmple                         0x0800c661   Thumb Code     0  frleqf.o(x$fpl$frleqf)
    _frcmple                                 0x0800c661   Thumb Code    98  frleqf.o(x$fpl$frleqf)
    __aeabi_fsub                             0x0800c6c5   Thumb Code     0  faddsub_clz.o(x$fpl$fsub)
    _fsub                                    0x0800c6c5   Thumb Code   234  faddsub_clz.o(x$fpl$fsub)
    _printf_fp_dec                           0x0800c7af   Thumb Code     4  printf1.o(x$fpl$printf1)
    Arial12x12                               0x0800c7b2   Data        2400  thlcd.o(.constdata)
    __I$use$fp                               0x0800c7b2   Number         0  usenofp.o(x$fpl$usenofp)
    irqRtxLibRef                             0x0800d174   Data           4  rtx_lib.o(.constdata)
    osRtxUserSVC                             0x0800d178   Data           4  rtx_lib.o(.constdata)
    Driver_I2C1                              0x0800d1e4   Data          48  i2c_stm32f4xx.o(.constdata)
    Driver_I2C2                              0x0800d214   Data          48  i2c_stm32f4xx.o(.constdata)
    Driver_SPI1                              0x0800d298   Data          44  spi_stm32f4xx.o(.constdata)
    Driver_USART3                            0x0800d314   Data          56  usart_stm32f4xx.o(.constdata)
    AHBPrescTable                            0x0800d354   Data          16  system_stm32f4xx.o(.constdata)
    APBPrescTable                            0x0800d364   Data           8  system_stm32f4xx.o(.constdata)
    osRtxConfig                              0x0800d428   Data         112  rtx_lib.o(.rodata)
    os_cb_sections                           0x0800d498   Data          56  rtx_lib.o(.rodata)
    irqRtxLib                                0x0800d4d0   Number         0  irq_armv7m.o(.rodata)
    Region$$Table$$Base                      0x0800d4e0   Number         0  anon$$obj.o(Region$$Table)
    Region$$Table$$Limit                     0x0800d500   Number         0  anon$$obj.o(Region$$Table)
    .bss.os.msgqueue.cb$$Base                0x20008040   Number         0  rtx_lib.o(.bss.os.msgqueue.cb)
    .bss.os.msgqueue.cb$$Limit               0x20008074   Number         0  rtx_lib.o(.bss.os.msgqueue.cb)
    .bss.os.thread.cb$$Base                  0x200080c4   Number         0  rtx_lib.o(.bss.os.thread.cb)
    .bss.os.thread.cb$$Limit                 0x2000814c   Number         0  rtx_lib.o(.bss.os.thread.cb)
    queueJoy                                 0x20008570   Data           4  thjoy.o(.data)
    tid_Thlcd                                0x20008578   Data           4  thlcd.o(.data)
    lcd_queue                                0x2000857c   Data           4  thlcd.o(.data)
    SPIdrv                                   0x20008580   Data           4  thlcd.o(.data)
    i                                        0x20008588   Data           4  thlcd.o(.data)
    turn                                     0x2000858c   Data           1  thlcd.o(.data)
    lcd_refresh                              0x200085a0   Data           4  time.o(.data)
    segundos                                 0x200085a4   Data           4  time.o(.data)
    segundos_co                              0x200085a8   Data           4  time.o(.data)
    segundos_res                             0x200085ac   Data           4  time.o(.data)
    minutos                                  0x200085b0   Data           4  time.o(.data)
    minutos_co                               0x200085b4   Data           4  time.o(.data)
    minutos_res                              0x200085b8   Data           4  time.o(.data)
    horas                                    0x200085bc   Data           4  time.o(.data)
    horas_co                                 0x200085c0   Data           4  time.o(.data)
    horas_res                                0x200085c4   Data           4  time.o(.data)
    tid_ThCtrl                               0x200085c8   Data           4  control.o(.data)
    temp_queue                               0x20008620   Data           4  temp.o(.data)
    calc                                     0x20008630   Data           4  temp.o(.data)
    tid_ThPwm                                0x20008664   Data           4  pwm.o(.data)
    uwTick                                   0x20008684   Data           4  stm32f4xx_hal.o(.data)
    uwTickPrio                               0x20008688   Data           4  stm32f4xx_hal.o(.data)
    uwTickFreq                               0x2000868c   Data           1  stm32f4xx_hal.o(.data)
    SystemCoreClock                          0x20008690   Data           4  system_stm32f4xx.o(.data)
    osRtxInfo                                0x20008694   Data         164  rtx_kernel.o(.data.os)
    tim7                                     0x20008778   Data          64  thlcd.o(.bss)
    buffer                                   0x200087b8   Data         512  thlcd.o(.bss)
    __libspace_start                         0x20008cbc   Data          96  libspace.o(.bss)
    __temporary_stack_top$libspace           0x20008d1c   Data           0  libspace.o(.bss)



==============================================================================

Memory Map of the image

  Image Entry point : 0x080001ad

  Load Region LR_IROM1 (Base: 0x08000000, Size: 0x00015c54, Max: 0x00200000, ABSOLUTE, COMPRESSED[0x0000d650])

    Execution Region ER_IROM1 (Exec base: 0x08000000, Load base: 0x08000000, Size: 0x0000d51c, Max: 0x00200000, ABSOLUTE)

    Exec Addr    Load Addr    Size         Type   Attr      Idx    E Section Name        Object

    0x08000000   0x08000000   0x000001ac   Data   RO         4807    RESET               startup_stm32f429xx.o
    0x080001ac   0x080001ac   0x00000008   Code   RO         5402  * !!!main             c_w.l(__main.o)
    0x080001b4   0x080001b4   0x00000034   Code   RO         5684    !!!scatter          c_w.l(__scatter.o)
    0x080001e8   0x080001e8   0x0000005a   Code   RO         5682    !!dczerorl2         c_w.l(__dczerorl2.o)
    0x08000242   0x08000242   0x00000002   PAD
    0x08000244   0x08000244   0x0000001c   Code   RO         5686    !!handler_zi        c_w.l(__scatter_zi.o)
    0x08000260   0x08000260   0x00000000   Code   RO         5391    .ARM.Collect$$_printf_percent$$00000000  c_w.l(_printf_percent.o)
    0x08000260   0x08000260   0x00000006   Code   RO         5390    .ARM.Collect$$_printf_percent$$00000003  c_w.l(_printf_f.o)
    0x08000266   0x08000266   0x00000006   Code   RO         5389    .ARM.Collect$$_printf_percent$$00000009  c_w.l(_printf_d.o)
    0x0800026c   0x0800026c   0x00000006   Code   RO         5388    .ARM.Collect$$_printf_percent$$0000000C  c_w.l(_printf_x.o)
    0x08000272   0x08000272   0x00000004   Code   RO         5461    .ARM.Collect$$_printf_percent$$00000017  c_w.l(_printf_percent_end.o)
    0x08000276   0x08000276   0x00000002   Code   RO         5553    .ARM.Collect$$libinit$$00000000  c_w.l(libinit.o)
    0x08000278   0x08000278   0x00000000   Code   RO         5555    .ARM.Collect$$libinit$$00000002  c_w.l(libinit2.o)
    0x08000278   0x08000278   0x00000000   Code   RO         5557    .ARM.Collect$$libinit$$00000004  c_w.l(libinit2.o)
    0x08000278   0x08000278   0x00000000   Code   RO         5560    .ARM.Collect$$libinit$$0000000A  c_w.l(libinit2.o)
    0x08000278   0x08000278   0x00000000   Code   RO         5562    .ARM.Collect$$libinit$$0000000C  c_w.l(libinit2.o)
    0x08000278   0x08000278   0x00000000   Code   RO         5564    .ARM.Collect$$libinit$$0000000E  c_w.l(libinit2.o)
    0x08000278   0x08000278   0x00000006   Code   RO         5565    .ARM.Collect$$libinit$$0000000F  c_w.l(libinit2.o)
    0x0800027e   0x0800027e   0x00000000   Code   RO         5567    .ARM.Collect$$libinit$$00000011  c_w.l(libinit2.o)
    0x0800027e   0x0800027e   0x00000000   Code   RO         5569    .ARM.Collect$$libinit$$00000013  c_w.l(libinit2.o)
    0x0800027e   0x0800027e   0x00000000   Code   RO         5571    .ARM.Collect$$libinit$$00000015  c_w.l(libinit2.o)
    0x0800027e   0x0800027e   0x0000000a   Code   RO         5572    .ARM.Collect$$libinit$$00000016  c_w.l(libinit2.o)
    0x08000288   0x08000288   0x00000000   Code   RO         5573    .ARM.Collect$$libinit$$00000017  c_w.l(libinit2.o)
    0x08000288   0x08000288   0x00000000   Code   RO         5575    .ARM.Collect$$libinit$$00000019  c_w.l(libinit2.o)
    0x08000288   0x08000288   0x00000000   Code   RO         5577    .ARM.Collect$$libinit$$0000001B  c_w.l(libinit2.o)
    0x08000288   0x08000288   0x00000000   Code   RO         5579    .ARM.Collect$$libinit$$0000001D  c_w.l(libinit2.o)
    0x08000288   0x08000288   0x00000000   Code   RO         5581    .ARM.Collect$$libinit$$0000001F  c_w.l(libinit2.o)
    0x08000288   0x08000288   0x00000000   Code   RO         5583    .ARM.Collect$$libinit$$00000021  c_w.l(libinit2.o)
    0x08000288   0x08000288   0x00000000   Code   RO         5585    .ARM.Collect$$libinit$$00000023  c_w.l(libinit2.o)
    0x08000288   0x08000288   0x00000000   Code   RO         5587    .ARM.Collect$$libinit$$00000025  c_w.l(libinit2.o)
    0x08000288   0x08000288   0x00000000   Code   RO         5591    .ARM.Collect$$libinit$$0000002C  c_w.l(libinit2.o)
    0x08000288   0x08000288   0x00000000   Code   RO         5593    .ARM.Collect$$libinit$$0000002E  c_w.l(libinit2.o)
    0x08000288   0x08000288   0x00000000   Code   RO         5595    .ARM.Collect$$libinit$$00000030  c_w.l(libinit2.o)
    0x08000288   0x08000288   0x00000000   Code   RO         5597    .ARM.Collect$$libinit$$00000032  c_w.l(libinit2.o)
    0x08000288   0x08000288   0x00000002   Code   RO         5598    .ARM.Collect$$libinit$$00000033  c_w.l(libinit2.o)
    0x0800028a   0x0800028a   0x00000002   Code   RO         5645    .ARM.Collect$$libshutdown$$00000000  c_w.l(libshutdown.o)
    0x0800028c   0x0800028c   0x00000000   Code   RO         5663    .ARM.Collect$$libshutdown$$00000002  c_w.l(libshutdown2.o)
    0x0800028c   0x0800028c   0x00000000   Code   RO         5665    .ARM.Collect$$libshutdown$$00000004  c_w.l(libshutdown2.o)
    0x0800028c   0x0800028c   0x00000000   Code   RO         5667    .ARM.Collect$$libshutdown$$00000006  c_w.l(libshutdown2.o)
    0x0800028c   0x0800028c   0x00000000   Code   RO         5670    .ARM.Collect$$libshutdown$$00000009  c_w.l(libshutdown2.o)
    0x0800028c   0x0800028c   0x00000000   Code   RO         5673    .ARM.Collect$$libshutdown$$0000000C  c_w.l(libshutdown2.o)
    0x0800028c   0x0800028c   0x00000000   Code   RO         5675    .ARM.Collect$$libshutdown$$0000000E  c_w.l(libshutdown2.o)
    0x0800028c   0x0800028c   0x00000000   Code   RO         5678    .ARM.Collect$$libshutdown$$00000011  c_w.l(libshutdown2.o)
    0x0800028c   0x0800028c   0x00000002   Code   RO         5679    .ARM.Collect$$libshutdown$$00000012  c_w.l(libshutdown2.o)
    0x0800028e   0x0800028e   0x00000000   Code   RO         5448    .ARM.Collect$$rtentry$$00000000  c_w.l(__rtentry.o)
    0x0800028e   0x0800028e   0x00000000   Code   RO         5476    .ARM.Collect$$rtentry$$00000002  c_w.l(__rtentry2.o)
    0x0800028e   0x0800028e   0x00000006   Code   RO         5488    .ARM.Collect$$rtentry$$00000004  c_w.l(__rtentry4.o)
    0x08000294   0x08000294   0x00000008   Code   RO         5477    .ARM.Collect$$rtentry$$00000008  c_w.l(__rtentry2.o)
    0x0800029c   0x0800029c   0x00000004   Code   RO         5479    .ARM.Collect$$rtentry$$0000000A  c_w.l(__rtentry2.o)
    0x080002a0   0x080002a0   0x00000000   Code   RO         5481    .ARM.Collect$$rtentry$$0000000C  c_w.l(__rtentry2.o)
    0x080002a0   0x080002a0   0x00000008   Code   RO         5482    .ARM.Collect$$rtentry$$0000000D  c_w.l(__rtentry2.o)
    0x080002a8   0x080002a8   0x00000002   Code   RO         5599    .ARM.Collect$$rtexit$$00000000  c_w.l(rtexit.o)
    0x080002aa   0x080002aa   0x00000000   Code   RO         5614    .ARM.Collect$$rtexit$$00000002  c_w.l(rtexit2.o)
    0x080002aa   0x080002aa   0x00000004   Code   RO         5615    .ARM.Collect$$rtexit$$00000003  c_w.l(rtexit2.o)
    0x080002ae   0x080002ae   0x00000006   Code   RO         5616    .ARM.Collect$$rtexit$$00000004  c_w.l(rtexit2.o)
    0x080002b4   0x080002b4   0x00000040   Code   RO         4808    .text               startup_stm32f429xx.o
    0x080002f4   0x080002f4   0x00000094   Code   RO         5221    .text               RTX_CM3.lib(irq_armv7m.o)
    0x08000388   0x08000388   0x000000ee   Code   RO         5337    .text               c_w.l(lludivv7m.o)
    0x08000476   0x08000476   0x00000002   PAD
    0x08000478   0x08000478   0x00000028   Code   RO         5341    .text               c_w.l(noretval__2sprintf.o)
    0x080004a0   0x080004a0   0x00000078   Code   RO         5345    .text               c_w.l(_printf_dec.o)
    0x08000518   0x08000518   0x00000058   Code   RO         5350    .text               c_w.l(_printf_hex_int.o)
    0x08000570   0x08000570   0x00000160   Code   RO         5383    .text               c_w.l(__printf_ss_wp.o)
    0x080006d0   0x080006d0   0x0000003e   Code   RO         5392    .text               c_w.l(strlen.o)
    0x0800070e   0x0800070e   0x0000008a   Code   RO         5394    .text               c_w.l(rt_memcpy_v6.o)
    0x08000798   0x08000798   0x00000044   Code   RO         5396    .text               c_w.l(rt_memclr.o)
    0x080007dc   0x080007dc   0x0000004e   Code   RO         5398    .text               c_w.l(rt_memclr_w.o)
    0x0800082a   0x0800082a   0x00000006   Code   RO         5400    .text               c_w.l(heapauxi.o)
    0x08000830   0x08000830   0x000000b2   Code   RO         5453    .text               c_w.l(_printf_intcommon.o)
    0x080008e2   0x080008e2   0x0000041e   Code   RO         5455    .text               c_w.l(_printf_fp_dec.o)
    0x08000d00   0x08000d00   0x00000030   Code   RO         5457    .text               c_w.l(_printf_char_common.o)
    0x08000d30   0x08000d30   0x0000000a   Code   RO         5459    .text               c_w.l(_sputc.o)
    0x08000d3a   0x08000d3a   0x00000064   Code   RO         5462    .text               c_w.l(rt_memcpy_w.o)
    0x08000d9e   0x08000d9e   0x0000000a   Code   RO         5497    .text               c_w.l(rt_locale_twolibspace.o)
    0x08000da8   0x08000da8   0x0000008a   Code   RO         5499    .text               c_w.l(lludiv10.o)
    0x08000e32   0x08000e32   0x00000002   PAD
    0x08000e34   0x08000e34   0x00000080   Code   RO         5501    .text               c_w.l(_printf_fp_infnan.o)
    0x08000eb4   0x08000eb4   0x000000e4   Code   RO         5505    .text               c_w.l(bigflt0.o)
    0x08000f98   0x08000f98   0x00000008   Code   RO         5537    .text               c_w.l(libspace.o)
    0x08000fa0   0x08000fa0   0x0000004a   Code   RO         5540    .text               c_w.l(sys_stackheap_outer.o)
    0x08000fea   0x08000fea   0x00000012   Code   RO         5542    .text               c_w.l(exit.o)
    0x08000ffc   0x08000ffc   0x00000080   Code   RO         5548    .text               c_w.l(strcmpv7m.o)
    0x0800107c   0x0800107c   0x0000000c   Code   RO         5611    .text               c_w.l(sys_exit.o)
    0x08001088   0x08001088   0x00000002   Code   RO         5632    .text               c_w.l(use_no_semi.o)
    0x0800108a   0x0800108a   0x00000000   Code   RO         5634    .text               c_w.l(indicate_semi.o)
    0x0800108a   0x0800108a   0x00000040   Code   RO         5204    .text.MessageQueueGet  RTX_CM3.lib(rtx_msgqueue.o)
    0x080010ca   0x080010ca   0x00000058   Code   RO         5198    .text.MessageQueuePut  RTX_CM3.lib(rtx_msgqueue.o)
    0x08001122   0x08001122   0x0000001c   Code   RO         5196    .text.MessageQueueRemove  RTX_CM3.lib(rtx_msgqueue.o)
    0x0800113e   0x0800113e   0x00000002   PAD
    0x08001140   0x08001140   0x0000000c   Code   RO         5315    .text.OS_Tick_AcknowledgeIRQ  RTX_CM3.lib(os_systick.o)
    0x0800114c   0x0800114c   0x0000002c   Code   RO         5311    .text.OS_Tick_Enable  RTX_CM3.lib(os_systick.o)
    0x08001178   0x08001178   0x00000006   Code   RO         5317    .text.OS_Tick_GetIRQn  RTX_CM3.lib(os_systick.o)
    0x0800117e   0x0800117e   0x00000002   PAD
    0x08001180   0x08001180   0x00000040   Code   RO         5309    .text.OS_Tick_Setup  RTX_CM3.lib(os_systick.o)
    0x080011c0   0x080011c0   0x0000000c   Code   RO         4908    .text.OUTLINED_FUNCTION_0  RTX_CM3.lib(rtx_kernel.o)
    0x080011cc   0x080011cc   0x00000006   Code   RO         5050    .text.OUTLINED_FUNCTION_0  RTX_CM3.lib(rtx_thread.o)
    0x080011d2   0x080011d2   0x0000000c   Code   RO         5212    .text.OUTLINED_FUNCTION_0  RTX_CM3.lib(rtx_msgqueue.o)
    0x080011de   0x080011de   0x00000006   Code   RO         4910    .text.OUTLINED_FUNCTION_1  RTX_CM3.lib(rtx_kernel.o)
    0x080011e4   0x080011e4   0x00000006   Code   RO         5052    .text.OUTLINED_FUNCTION_1  RTX_CM3.lib(rtx_thread.o)
    0x080011ea   0x080011ea   0x00000064   Code   RO         5002    .text.ThreadFlagsCheck  RTX_CM3.lib(rtx_thread.o)
    0x0800124e   0x0800124e   0x00000002   PAD
    0x08001250   0x08001250   0x00000048   Code   RO         5102    .text.TimerInsert   RTX_CM3.lib(rtx_timer.o)
    0x08001298   0x08001298   0x00000028   Code   RO         5110    .text.TimerRemove   RTX_CM3.lib(rtx_timer.o)
    0x080012c0   0x080012c0   0x00000024   Code   RO         5068    .text.osDelay       RTX_CM3.lib(rtx_delay.o)
    0x080012e4   0x080012e4   0x00000030   Code   RO         4860    .text.osKernelGetState  RTX_CM3.lib(rtx_kernel.o)
    0x08001314   0x08001314   0x00000028   Code   RO         4876    .text.osKernelGetTickCount  RTX_CM3.lib(rtx_kernel.o)
    0x0800133c   0x0800133c   0x0000002c   Code   RO         4854    .text.osKernelInitialize  RTX_CM3.lib(rtx_kernel.o)
    0x08001368   0x08001368   0x00000024   Code   RO         4864    .text.osKernelStart  RTX_CM3.lib(rtx_kernel.o)
    0x0800138c   0x0800138c   0x00000070   Code   RO         5172    .text.osMessageQueueGet  RTX_CM3.lib(rtx_msgqueue.o)
    0x080013fc   0x080013fc   0x00000024   Code   RO         5166    .text.osMessageQueueNew  RTX_CM3.lib(rtx_msgqueue.o)
    0x08001420   0x08001420   0x00000080   Code   RO         5170    .text.osMessageQueuePut  RTX_CM3.lib(rtx_msgqueue.o)
    0x080014a0   0x080014a0   0x00000024   Code   RO         5134    .text.osMutexAcquire  RTX_CM3.lib(rtx_mutex.o)
    0x080014c4   0x080014c4   0x00000024   Code   RO         5140    .text.osMutexDelete  RTX_CM3.lib(rtx_mutex.o)
    0x080014e8   0x080014e8   0x00000024   Code   RO         5130    .text.osMutexNew    RTX_CM3.lib(rtx_mutex.o)
    0x0800150c   0x0800150c   0x00000024   Code   RO         5136    .text.osMutexRelease  RTX_CM3.lib(rtx_mutex.o)
    0x08001530   0x08001530   0x00000004   Code   RO         4852    .text.osRtxKernelErrorNotify  RTX_CM3.lib(rtx_kernel.o)
    0x08001534   0x08001534   0x00000002   Code   RO         4850    .text.osRtxKernelPreInit  RTX_CM3.lib(rtx_kernel.o)
    0x08001536   0x08001536   0x0000006c   Code   RO         5231    .text.osRtxMemoryAlloc  RTX_CM3.lib(rtx_memory.o)
    0x080015a2   0x080015a2   0x00000042   Code   RO         5233    .text.osRtxMemoryFree  RTX_CM3.lib(rtx_memory.o)
    0x080015e4   0x080015e4   0x00000036   Code   RO         5229    .text.osRtxMemoryInit  RTX_CM3.lib(rtx_memory.o)
    0x0800161a   0x0800161a   0x0000003a   Code   RO         5245    .text.osRtxMemoryPoolAlloc  RTX_CM3.lib(rtx_mempool.o)
    0x08001654   0x08001654   0x0000004a   Code   RO         5247    .text.osRtxMemoryPoolFree  RTX_CM3.lib(rtx_mempool.o)
    0x0800169e   0x0800169e   0x00000038   Code   RO         5243    .text.osRtxMemoryPoolInit  RTX_CM3.lib(rtx_mempool.o)
    0x080016d6   0x080016d6   0x000000aa   Code   RO         5194    .text.osRtxMessageQueuePostProcess  RTX_CM3.lib(rtx_msgqueue.o)
    0x08001780   0x08001780   0x00000028   Code   RO         5162    .text.osRtxMessageQueueTimerSetup  RTX_CM3.lib(rtx_msgqueue.o)
    0x080017a8   0x080017a8   0x00000048   Code   RO         5126    .text.osRtxMutexOwnerRelease  RTX_CM3.lib(rtx_mutex.o)
    0x080017f0   0x080017f0   0x00000042   Code   RO         5128    .text.osRtxMutexOwnerRestore  RTX_CM3.lib(rtx_mutex.o)
    0x08001832   0x08001832   0x00000002   PAD
    0x08001834   0x08001834   0x0000008c   Code   RO         5297    .text.osRtxPendSV_Handler  RTX_CM3.lib(rtx_system.o)
    0x080018c0   0x080018c0   0x00000074   Code   RO         5299    .text.osRtxPostProcess  RTX_CM3.lib(rtx_system.o)
    0x08001934   0x08001934   0x00000038   Code   RO         4942    .text.osRtxThreadBlock  RTX_CM3.lib(rtx_thread.o)
    0x0800196c   0x0800196c   0x00000080   Code   RO         4950    .text.osRtxThreadDelayInsert  RTX_CM3.lib(rtx_thread.o)
    0x080019ec   0x080019ec   0x00000040   Code   RO         4946    .text.osRtxThreadDelayRemove  RTX_CM3.lib(rtx_thread.o)
    0x08001a2c   0x08001a2c   0x0000004c   Code   RO         4932    .text.osRtxThreadDelayTick  RTX_CM3.lib(rtx_thread.o)
    0x08001a78   0x08001a78   0x00000024   Code   RO         5034    .text.osRtxThreadDestroy  RTX_CM3.lib(rtx_thread.o)
    0x08001a9c   0x08001a9c   0x00000054   Code   RO         4940    .text.osRtxThreadDispatch  RTX_CM3.lib(rtx_thread.o)
    0x08001af0   0x08001af0   0x00000058   Code   RO         5026    .text.osRtxThreadFree  RTX_CM3.lib(rtx_thread.o)
    0x08001b48   0x08001b48   0x0000001e   Code   RO         5032    .text.osRtxThreadJoinWakeup  RTX_CM3.lib(rtx_thread.o)
    0x08001b66   0x08001b66   0x00000012   Code   RO         4924    .text.osRtxThreadListGet  RTX_CM3.lib(rtx_thread.o)
    0x08001b78   0x08001b78   0x0000002c   Code   RO         4922    .text.osRtxThreadListPut  RTX_CM3.lib(rtx_thread.o)
    0x08001ba4   0x08001ba4   0x00000014   Code   RO         4928    .text.osRtxThreadListRemove  RTX_CM3.lib(rtx_thread.o)
    0x08001bb8   0x08001bb8   0x0000000c   Code   RO         4934    .text.osRtxThreadListRoot  RTX_CM3.lib(rtx_thread.o)
    0x08001bc4   0x08001bc4   0x00000026   Code   RO         4926    .text.osRtxThreadListSort  RTX_CM3.lib(rtx_thread.o)
    0x08001bea   0x08001bea   0x00000028   Code   RO         5000    .text.osRtxThreadPostProcess  RTX_CM3.lib(rtx_thread.o)
    0x08001c12   0x08001c12   0x00000002   PAD
    0x08001c14   0x08001c14   0x00000014   Code   RO         4930    .text.osRtxThreadReadyPut  RTX_CM3.lib(rtx_thread.o)
    0x08001c28   0x08001c28   0x00000006   Code   RO         4936    .text.osRtxThreadRegPtr  RTX_CM3.lib(rtx_thread.o)
    0x08001c2e   0x08001c2e   0x00000002   PAD
    0x08001c30   0x08001c30   0x0000003c   Code   RO         4952    .text.osRtxThreadStartup  RTX_CM3.lib(rtx_thread.o)
    0x08001c6c   0x08001c6c   0x00000010   Code   RO         4938    .text.osRtxThreadSwitch  RTX_CM3.lib(rtx_thread.o)
    0x08001c7c   0x08001c7c   0x0000003c   Code   RO         4948    .text.osRtxThreadWaitEnter  RTX_CM3.lib(rtx_thread.o)
    0x08001cb8   0x08001cb8   0x00000022   Code   RO         4944    .text.osRtxThreadWaitExit  RTX_CM3.lib(rtx_thread.o)
    0x08001cda   0x08001cda   0x00000002   PAD
    0x08001cdc   0x08001cdc   0x00000078   Code   RO         5295    .text.osRtxTick_Handler  RTX_CM3.lib(rtx_system.o)
    0x08001d54   0x08001d54   0x00000020   Code   RO         5084    .text.osRtxTimerSetup  RTX_CM3.lib(rtx_timer.o)
    0x08001d74   0x08001d74   0x00000020   Code   RO         5088    .text.osRtxTimerThread  RTX_CM3.lib(rtx_timer.o)
    0x08001d94   0x08001d94   0x00000070   Code   RO         5086    .text.osRtxTimerTick  RTX_CM3.lib(rtx_timer.o)
    0x08001e04   0x08001e04   0x0000000c   Code   RO         4984    .text.osThreadExit  RTX_CM3.lib(rtx_thread.o)
    0x08001e10   0x08001e10   0x00000024   Code   RO         4994    .text.osThreadFlagsClear  RTX_CM3.lib(rtx_thread.o)
    0x08001e34   0x08001e34   0x00000058   Code   RO         4992    .text.osThreadFlagsSet  RTX_CM3.lib(rtx_thread.o)
    0x08001e8c   0x08001e8c   0x00000024   Code   RO         4998    .text.osThreadFlagsWait  RTX_CM3.lib(rtx_thread.o)
    0x08001eb0   0x08001eb0   0x00000024   Code   RO         4956    .text.osThreadNew   RTX_CM3.lib(rtx_thread.o)
    0x08001ed4   0x08001ed4   0x00000024   Code   RO         5090    .text.osTimerNew    RTX_CM3.lib(rtx_timer.o)
    0x08001ef8   0x08001ef8   0x00000024   Code   RO         5094    .text.osTimerStart  RTX_CM3.lib(rtx_timer.o)
    0x08001f1c   0x08001f1c   0x00000024   Code   RO         5096    .text.osTimerStop   RTX_CM3.lib(rtx_timer.o)
    0x08001f40   0x08001f40   0x00000016   Code   RO         5072    .text.svcRtxDelay   RTX_CM3.lib(rtx_delay.o)
    0x08001f56   0x08001f56   0x00000002   PAD
    0x08001f58   0x08001f58   0x0000000c   Code   RO         4862    .text.svcRtxKernelGetState  RTX_CM3.lib(rtx_kernel.o)
    0x08001f64   0x08001f64   0x0000000c   Code   RO         4878    .text.svcRtxKernelGetTickCount  RTX_CM3.lib(rtx_kernel.o)
    0x08001f70   0x08001f70   0x00000100   Code   RO         4892    .text.svcRtxKernelInitialize  RTX_CM3.lib(rtx_kernel.o)
    0x08002070   0x08002070   0x00000088   Code   RO         4894    .text.svcRtxKernelStart  RTX_CM3.lib(rtx_kernel.o)
    0x080020f8   0x080020f8   0x000000d8   Code   RO         5206    .text.svcRtxMessageQueueGet  RTX_CM3.lib(rtx_msgqueue.o)
    0x080021d0   0x080021d0   0x00000118   Code   RO         5164    .text.svcRtxMessageQueueNew  RTX_CM3.lib(rtx_msgqueue.o)
    0x080022e8   0x080022e8   0x000000b4   Code   RO         5202    .text.svcRtxMessageQueuePut  RTX_CM3.lib(rtx_msgqueue.o)
    0x0800239c   0x0800239c   0x00000090   Code   RO         5146    .text.svcRtxMutexAcquire  RTX_CM3.lib(rtx_mutex.o)
    0x0800242c   0x0800242c   0x000000b0   Code   RO         5152    .text.svcRtxMutexDelete  RTX_CM3.lib(rtx_mutex.o)
    0x080024dc   0x080024dc   0x00000068   Code   RO         5142    .text.svcRtxMutexNew  RTX_CM3.lib(rtx_mutex.o)
    0x08002544   0x08002544   0x000000b4   Code   RO         5148    .text.svcRtxMutexRelease  RTX_CM3.lib(rtx_mutex.o)
    0x080025f8   0x080025f8   0x0000004c   Code   RO         5030    .text.svcRtxThreadExit  RTX_CM3.lib(rtx_thread.o)
    0x08002644   0x08002644   0x00000034   Code   RO         5044    .text.svcRtxThreadFlagsClear  RTX_CM3.lib(rtx_thread.o)
    0x08002678   0x08002678   0x00000066   Code   RO         5042    .text.svcRtxThreadFlagsSet  RTX_CM3.lib(rtx_thread.o)
    0x080026de   0x080026de   0x00000002   PAD
    0x080026e0   0x080026e0   0x0000004c   Code   RO         5048    .text.svcRtxThreadFlagsWait  RTX_CM3.lib(rtx_thread.o)
    0x0800272c   0x0800272c   0x000001ec   Code   RO         4954    .text.svcRtxThreadNew  RTX_CM3.lib(rtx_thread.o)
    0x08002918   0x08002918   0x00000078   Code   RO         5104    .text.svcRtxTimerNew  RTX_CM3.lib(rtx_timer.o)
    0x08002990   0x08002990   0x00000048   Code   RO         5108    .text.svcRtxTimerStart  RTX_CM3.lib(rtx_timer.o)
    0x080029d8   0x080029d8   0x00000028   Code   RO         5112    .text.svcRtxTimerStop  RTX_CM3.lib(rtx_timer.o)
    0x08002a00   0x08002a00   0x0000003e   Code   RO         5508    CL$$btod_d2e        c_w.l(btod.o)
    0x08002a3e   0x08002a3e   0x00000046   Code   RO         5510    CL$$btod_d2e_denorm_low  c_w.l(btod.o)
    0x08002a84   0x08002a84   0x00000060   Code   RO         5509    CL$$btod_d2e_norm_op1  c_w.l(btod.o)
    0x08002ae4   0x08002ae4   0x00000338   Code   RO         5518    CL$$btod_div_common  c_w.l(btod.o)
    0x08002e1c   0x08002e1c   0x000000dc   Code   RO         5515    CL$$btod_e2e        c_w.l(btod.o)
    0x08002ef8   0x08002ef8   0x0000002a   Code   RO         5512    CL$$btod_ediv       c_w.l(btod.o)
    0x08002f22   0x08002f22   0x0000002a   Code   RO         5511    CL$$btod_emul       c_w.l(btod.o)
    0x08002f4c   0x08002f4c   0x00000244   Code   RO         5517    CL$$btod_mult_common  c_w.l(btod.o)
    0x08003190   0x08003190   0x00000048   Code   RO          773    i.ADC1_pins_F429ZI_config  vol.o
    0x080031d8   0x080031d8   0x00000160   Code   RO         1774    i.ADC_Init          stm32f4xx_hal_adc.o
    0x08003338   0x08003338   0x00000078   Code   RO          774    i.ADC_Init_Single_Conversion  vol.o
    0x080033b0   0x080033b0   0x0000006c   Code   RO          775    i.ADC_getVoltage    vol.o
    0x0800341c   0x0800341c   0x00000004   Code   RO          211    i.BusFault_Handler  stm32f4xx_it.o
    0x08003420   0x08003420   0x00000034   Code   RO         2186    i.DMA_CalcBaseAndBitshift  stm32f4xx_hal_dma.o
    0x08003454   0x08003454   0x000000aa   Code   RO         2187    i.DMA_CheckFifoParam  stm32f4xx_hal_dma.o
    0x080034fe   0x080034fe   0x0000002c   Code   RO         2188    i.DMA_SetConfig     stm32f4xx_hal_dma.o
    0x0800352a   0x0800352a   0x00000002   Code   RO          212    i.DebugMon_Handler  stm32f4xx_it.o
    0x0800352c   0x0800352c   0x0000009c   Code   RO         1221    i.Disable_SPI_Clock  spi_stm32f4xx.o
    0x080035c8   0x080035c8   0x00000034   Code   RO          268    i.EXTI15_10_IRQHandler  thjoy.o
    0x080035fc   0x080035fc   0x000001d8   Code   RO          991    i.Enable_GPIO_Clock  i2c_stm32f4xx.o
    0x080037d4   0x080037d4   0x000001d8   Code   RO         1222    i.Enable_GPIO_Clock  spi_stm32f4xx.o
    0x080039ac   0x080039ac   0x00000184   Code   RO         1391    i.Enable_GPIO_Clock  usart_stm32f4xx.o
    0x08003b30   0x08003b30   0x0000010c   Code   RO         1223    i.Enable_SPI_Clock  spi_stm32f4xx.o
    0x08003c3c   0x08003c3c   0x00000004   Code   RO            4    i.Error_Handler     main.o
    0x08003c40   0x08003c40   0x00000058   Code   RO          631    i.Get_Info          rda5807m.o
    0x08003c98   0x08003c98   0x000001a4   Code   RO         1776    i.HAL_ADC_ConfigChannel  stm32f4xx_hal_adc.o
    0x08003e3c   0x08003e3c   0x00000008   Code   RO         1783    i.HAL_ADC_GetValue  stm32f4xx_hal_adc.o
    0x08003e44   0x08003e44   0x00000068   Code   RO         1785    i.HAL_ADC_Init      stm32f4xx_hal_adc.o
    0x08003eac   0x08003eac   0x00000002   Code   RO         1788    i.HAL_ADC_MspInit   stm32f4xx_hal_adc.o
    0x08003eae   0x08003eae   0x000000c2   Code   RO         1789    i.HAL_ADC_PollForConversion  stm32f4xx_hal_adc.o
    0x08003f70   0x08003f70   0x0000013c   Code   RO         1791    i.HAL_ADC_Start     stm32f4xx_hal_adc.o
    0x080040ac   0x080040ac   0x000000aa   Code   RO         2189    i.HAL_DMA_Abort     stm32f4xx_hal_dma.o
    0x08004156   0x08004156   0x00000028   Code   RO         2190    i.HAL_DMA_Abort_IT  stm32f4xx_hal_dma.o
    0x0800417e   0x0800417e   0x00000002   PAD
    0x08004180   0x08004180   0x000000ec   Code   RO         2195    i.HAL_DMA_Init      stm32f4xx_hal_dma.o
    0x0800426c   0x0800426c   0x00000092   Code   RO         2199    i.HAL_DMA_Start_IT  stm32f4xx_hal_dma.o
    0x080042fe   0x080042fe   0x00000002   PAD
    0x08004300   0x08004300   0x00000028   Code   RO         1580    i.HAL_Delay         stm32f4xx_hal.o
    0x08004328   0x08004328   0x00000180   Code   RO         2333    i.HAL_GPIO_DeInit   stm32f4xx_hal_gpio.o
    0x080044a8   0x080044a8   0x000000cc   Code   RO          269    i.HAL_GPIO_EXTI_Callback  thjoy.o
    0x08004574   0x08004574   0x0000001c   Code   RO         2335    i.HAL_GPIO_EXTI_IRQHandler  stm32f4xx_hal_gpio.o
    0x08004590   0x08004590   0x0000021c   Code   RO         2336    i.HAL_GPIO_Init     stm32f4xx_hal_gpio.o
    0x080047ac   0x080047ac   0x00000010   Code   RO         2338    i.HAL_GPIO_ReadPin  stm32f4xx_hal_gpio.o
    0x080047bc   0x080047bc   0x0000000c   Code   RO         2340    i.HAL_GPIO_WritePin  stm32f4xx_hal_gpio.o
    0x080047c8   0x080047c8   0x0000000c   Code   RO         1587    i.HAL_GetREVID      stm32f4xx_hal.o
    0x080047d4   0x080047d4   0x0000004c   Code   RO            5    i.HAL_GetTick       main.o
    0x08004820   0x08004820   0x00000030   Code   RO         1595    i.HAL_Init          stm32f4xx_hal.o
    0x08004850   0x08004850   0x0000004c   Code   RO         1596    i.HAL_InitTick      stm32f4xx_hal.o
    0x0800489c   0x0800489c   0x00000002   Code   RO         1598    i.HAL_MspInit       stm32f4xx_hal.o
    0x0800489e   0x0800489e   0x00000002   PAD
    0x080048a0   0x080048a0   0x00000024   Code   RO         2049    i.HAL_NVIC_ClearPendingIRQ  stm32f4xx_hal_cortex.o
    0x080048c4   0x080048c4   0x0000002c   Code   RO         2050    i.HAL_NVIC_DisableIRQ  stm32f4xx_hal_cortex.o
    0x080048f0   0x080048f0   0x00000028   Code   RO         2051    i.HAL_NVIC_EnableIRQ  stm32f4xx_hal_cortex.o
    0x08004918   0x08004918   0x0000007c   Code   RO         2057    i.HAL_NVIC_SetPriority  stm32f4xx_hal_cortex.o
    0x08004994   0x08004994   0x00000028   Code   RO         2058    i.HAL_NVIC_SetPriorityGrouping  stm32f4xx_hal_cortex.o
    0x080049bc   0x080049bc   0x00000184   Code   RO         3094    i.HAL_RCC_ClockConfig  stm32f4xx_hal_rcc.o
    0x08004b40   0x08004b40   0x0000000c   Code   RO         3099    i.HAL_RCC_GetHCLKFreq  stm32f4xx_hal_rcc.o
    0x08004b4c   0x08004b4c   0x00000020   Code   RO         3101    i.HAL_RCC_GetPCLK1Freq  stm32f4xx_hal_rcc.o
    0x08004b6c   0x08004b6c   0x00000020   Code   RO         3102    i.HAL_RCC_GetPCLK2Freq  stm32f4xx_hal_rcc.o
    0x08004b8c   0x08004b8c   0x000000b0   Code   RO         3103    i.HAL_RCC_GetSysClockFreq  stm32f4xx_hal_rcc.o
    0x08004c3c   0x08004c3c   0x00000488   Code   RO         3106    i.HAL_RCC_OscConfig  stm32f4xx_hal_rcc.o
    0x080050c4   0x080050c4   0x00000034   Code   RO         2062    i.HAL_SYSTICK_Config  stm32f4xx_hal_cortex.o
    0x080050f8   0x080050f8   0x00000046   Code   RO         3603    i.HAL_TIM_Base_DeInit  stm32f4xx_hal_tim.o
    0x0800513e   0x0800513e   0x00000034   Code   RO         3605    i.HAL_TIM_Base_Init  stm32f4xx_hal_tim.o
    0x08005172   0x08005172   0x00000002   Code   RO         3606    i.HAL_TIM_Base_MspDeInit  stm32f4xx_hal_tim.o
    0x08005174   0x08005174   0x00000002   Code   RO         3607    i.HAL_TIM_Base_MspInit  stm32f4xx_hal_tim.o
    0x08005176   0x08005176   0x0000002a   Code   RO         3608    i.HAL_TIM_Base_Start  stm32f4xx_hal_tim.o
    0x080051a0   0x080051a0   0x00000038   Code   RO         3611    i.HAL_TIM_Base_Stop  stm32f4xx_hal_tim.o
    0x080051d8   0x080051d8   0x00000108   Code   RO         3672    i.HAL_TIM_PWM_ConfigChannel  stm32f4xx_hal_tim.o
    0x080052e0   0x080052e0   0x00000034   Code   RO         3675    i.HAL_TIM_PWM_Init  stm32f4xx_hal_tim.o
    0x08005314   0x08005314   0x00000002   Code   RO         3677    i.HAL_TIM_PWM_MspInit  stm32f4xx_hal_tim.o
    0x08005316   0x08005316   0x00000002   PAD
    0x08005318   0x08005318   0x00000058   Code   RO         3680    i.HAL_TIM_PWM_Start  stm32f4xx_hal_tim.o
    0x08005370   0x08005370   0x00000088   Code   RO         3683    i.HAL_TIM_PWM_Stop  stm32f4xx_hal_tim.o
    0x080053f8   0x080053f8   0x00000004   Code   RO          213    i.HardFault_Handler  stm32f4xx_it.o
    0x080053fc   0x080053fc   0x00000018   Code   RO          992    i.I2C1_Control      i2c_stm32f4xx.o
    0x08005414   0x08005414   0x00000010   Code   RO          993    i.I2C1_ER_IRQHandler  i2c_stm32f4xx.o
    0x08005424   0x08005424   0x00000010   Code   RO          994    i.I2C1_EV_IRQHandler  i2c_stm32f4xx.o
    0x08005434   0x08005434   0x00000010   Code   RO          995    i.I2C1_GetDataCount  i2c_stm32f4xx.o
    0x08005444   0x08005444   0x00000010   Code   RO          996    i.I2C1_GetStatus    i2c_stm32f4xx.o
    0x08005454   0x08005454   0x00000014   Code   RO          997    i.I2C1_Initialize   i2c_stm32f4xx.o
    0x08005468   0x08005468   0x00000020   Code   RO          998    i.I2C1_MasterReceive  i2c_stm32f4xx.o
    0x08005488   0x08005488   0x00000020   Code   RO          999    i.I2C1_MasterTransmit  i2c_stm32f4xx.o
    0x080054a8   0x080054a8   0x00000014   Code   RO         1000    i.I2C1_PowerControl  i2c_stm32f4xx.o
    0x080054bc   0x080054bc   0x00000018   Code   RO         1001    i.I2C1_SlaveReceive  i2c_stm32f4xx.o
    0x080054d4   0x080054d4   0x00000018   Code   RO         1002    i.I2C1_SlaveTransmit  i2c_stm32f4xx.o
    0x080054ec   0x080054ec   0x00000010   Code   RO         1003    i.I2C1_Uninitialize  i2c_stm32f4xx.o
    0x080054fc   0x080054fc   0x00000018   Code   RO         1004    i.I2C2_Control      i2c_stm32f4xx.o
    0x08005514   0x08005514   0x00000010   Code   RO         1005    i.I2C2_ER_IRQHandler  i2c_stm32f4xx.o
    0x08005524   0x08005524   0x00000010   Code   RO         1006    i.I2C2_EV_IRQHandler  i2c_stm32f4xx.o
    0x08005534   0x08005534   0x00000010   Code   RO         1007    i.I2C2_GetDataCount  i2c_stm32f4xx.o
    0x08005544   0x08005544   0x00000010   Code   RO         1008    i.I2C2_GetStatus    i2c_stm32f4xx.o
    0x08005554   0x08005554   0x00000014   Code   RO         1009    i.I2C2_Initialize   i2c_stm32f4xx.o
    0x08005568   0x08005568   0x00000020   Code   RO         1010    i.I2C2_MasterReceive  i2c_stm32f4xx.o
    0x08005588   0x08005588   0x00000020   Code   RO         1011    i.I2C2_MasterTransmit  i2c_stm32f4xx.o
    0x080055a8   0x080055a8   0x00000014   Code   RO         1012    i.I2C2_PowerControl  i2c_stm32f4xx.o
    0x080055bc   0x080055bc   0x00000018   Code   RO         1013    i.I2C2_SlaveReceive  i2c_stm32f4xx.o
    0x080055d4   0x080055d4   0x00000018   Code   RO         1014    i.I2C2_SlaveTransmit  i2c_stm32f4xx.o
    0x080055ec   0x080055ec   0x00000010   Code   RO         1015    i.I2C2_Uninitialize  i2c_stm32f4xx.o
    0x080055fc   0x080055fc   0x0000000c   Code   RO         1016    i.I2CX_GetCapabilities  i2c_stm32f4xx.o
    0x08005608   0x08005608   0x00000010   Code   RO         1017    i.I2CX_GetVersion   i2c_stm32f4xx.o
    0x08005618   0x08005618   0x0000034c   Code   RO         1018    i.I2C_Control       i2c_stm32f4xx.o
    0x08005964   0x08005964   0x00000206   Code   RO         1019    i.I2C_ER_IRQHandler  i2c_stm32f4xx.o
    0x08005b6a   0x08005b6a   0x000006bc   Code   RO         1020    i.I2C_EV_IRQHandler  i2c_stm32f4xx.o
    0x08006226   0x08006226   0x00000034   Code   RO         1021    i.I2C_GetDataCount  i2c_stm32f4xx.o
    0x0800625a   0x0800625a   0x00000008   Code   RO         1022    i.I2C_GetStatus     i2c_stm32f4xx.o
    0x08006262   0x08006262   0x00000002   PAD
    0x08006264   0x08006264   0x000001c0   Code   RO         1023    i.I2C_Initialize    i2c_stm32f4xx.o
    0x08006424   0x08006424   0x00000144   Code   RO         1024    i.I2C_MasterReceive  i2c_stm32f4xx.o
    0x08006568   0x08006568   0x0000012a   Code   RO         1025    i.I2C_MasterTransmit  i2c_stm32f4xx.o
    0x08006692   0x08006692   0x00000002   PAD
    0x08006694   0x08006694   0x000002fc   Code   RO         1026    i.I2C_PowerControl  i2c_stm32f4xx.o
    0x08006990   0x08006990   0x00000088   Code   RO         1027    i.I2C_SlaveReceive  i2c_stm32f4xx.o
    0x08006a18   0x08006a18   0x00000088   Code   RO         1028    i.I2C_SlaveTransmit  i2c_stm32f4xx.o
    0x08006aa0   0x08006aa0   0x00000034   Code   RO         1029    i.I2C_Uninitialize  i2c_stm32f4xx.o
    0x08006ad4   0x08006ad4   0x000000f4   Code   RO          270    i.Init_Joystick     thjoy.o
    0x08006bc8   0x08006bc8   0x00000018   Code   RO          271    i.Init_MsgQueue_JOY  thjoy.o
    0x08006be0   0x08006be0   0x00000024   Code   RO          632    i.Init_MsgQueue_RDA_TOC  rda5807m.o
    0x08006c04   0x08006c04   0x00000018   Code   RO          582    i.Init_MsgQueue_TEMP  temp.o
    0x08006c1c   0x08006c1c   0x00000018   Code   RO          776    i.Init_MsgQueue_VOL  vol.o
    0x08006c34   0x08006c34   0x0000006c   Code   RO          511    i.Init_MsgQueue_control  control.o
    0x08006ca0   0x08006ca0   0x000000b4   Code   RO          633    i.Init_RDA          rda5807m.o
    0x08006d54   0x08006d54   0x00000034   Code   RO          829    i.Init_ThCom        com.o
    0x08006d88   0x08006d88   0x00000084   Code   RO          512    i.Init_ThCtrl       control.o
    0x08006e0c   0x08006e0c   0x00000028   Code   RO          735    i.Init_ThPwm        pwm.o
    0x08006e34   0x08006e34   0x0000003c   Code   RO          634    i.Init_ThRDA        rda5807m.o
    0x08006e70   0x08006e70   0x00000030   Code   RO          583    i.Init_ThTemp       temp.o
    0x08006ea0   0x08006ea0   0x00000030   Code   RO          777    i.Init_ThVol        vol.o
    0x08006ed0   0x08006ed0   0x00000028   Code   RO          272    i.Init_Thjoy        thjoy.o
    0x08006ef8   0x08006ef8   0x00000034   Code   RO          363    i.Init_Thlcd        thlcd.o
    0x08006f2c   0x08006f2c   0x00000014   Code   RO          461    i.Init_Thtime       time.o
    0x08006f40   0x08006f40   0x0000002c   Code   RO          584    i.Init_Tim_Temp     temp.o
    0x08006f6c   0x08006f6c   0x000000ac   Code   RO          736    i.Init_Timer        pwm.o
    0x08007018   0x08007018   0x00000020   Code   RO          364    i.LCD_Clean         thlcd.o
    0x08007038   0x08007038   0x0000004c   Code   RO          365    i.LCD_init          thlcd.o
    0x08007084   0x08007084   0x00000124   Code   RO          366    i.LCD_reset         thlcd.o
    0x080071a8   0x080071a8   0x000000a0   Code   RO          367    i.LCD_update        thlcd.o
    0x08007248   0x08007248   0x0000005c   Code   RO          368    i.LCD_wr_cmd        thlcd.o
    0x080072a4   0x080072a4   0x0000005c   Code   RO          369    i.LCD_wr_data       thlcd.o
    0x08007300   0x08007300   0x00000050   Code   RO          370    i.LCD_write         thlcd.o
    0x08007350   0x08007350   0x00000004   Code   RO          214    i.MemManage_Handler  stm32f4xx_it.o
    0x08007354   0x08007354   0x00000002   Code   RO          215    i.NMI_Handler       stm32f4xx_it.o
    0x08007356   0x08007356   0x00000002   PAD
    0x08007358   0x08007358   0x00000024   Code   RO          635    i.Power_Off         rda5807m.o
    0x0800737c   0x0800737c   0x0000004c   Code   RO          636    i.Power_On          rda5807m.o
    0x080073c8   0x080073c8   0x0000007c   Code   RO          637    i.ReadRegistrers    rda5807m.o
    0x08007444   0x08007444   0x00000018   Code   RO         1224    i.SPI1_Control      spi_stm32f4xx.o
    0x0800745c   0x0800745c   0x00000010   Code   RO         1225    i.SPI1_GetDataCount  spi_stm32f4xx.o
    0x0800746c   0x0800746c   0x00000010   Code   RO         1226    i.SPI1_GetStatus    spi_stm32f4xx.o
    0x0800747c   0x0800747c   0x00000010   Code   RO         1227    i.SPI1_IRQHandler   spi_stm32f4xx.o
    0x0800748c   0x0800748c   0x00000014   Code   RO         1228    i.SPI1_Initialize   spi_stm32f4xx.o
    0x080074a0   0x080074a0   0x00000014   Code   RO         1229    i.SPI1_PowerControl  spi_stm32f4xx.o
    0x080074b4   0x080074b4   0x00000018   Code   RO         1230    i.SPI1_Receive      spi_stm32f4xx.o
    0x080074cc   0x080074cc   0x00000018   Code   RO         1231    i.SPI1_Send         spi_stm32f4xx.o
    0x080074e4   0x080074e4   0x0000001c   Code   RO         1232    i.SPI1_Transfer     spi_stm32f4xx.o
    0x08007500   0x08007500   0x00000010   Code   RO         1233    i.SPI1_Uninitialize  spi_stm32f4xx.o
    0x08007510   0x08007510   0x0000000c   Code   RO         1234    i.SPIX_GetCapabilities  spi_stm32f4xx.o
    0x0800751c   0x0800751c   0x00000010   Code   RO         1235    i.SPIX_GetVersion   spi_stm32f4xx.o
    0x0800752c   0x0800752c   0x0000050a   Code   RO         1236    i.SPI_Control       spi_stm32f4xx.o
    0x08007a36   0x08007a36   0x00000008   Code   RO         1237    i.SPI_GetDataCount  spi_stm32f4xx.o
    0x08007a3e   0x08007a3e   0x0000002c   Code   RO         1238    i.SPI_GetStatus     spi_stm32f4xx.o
    0x08007a6a   0x08007a6a   0x00000106   Code   RO         1239    i.SPI_IRQHandler    spi_stm32f4xx.o
    0x08007b70   0x08007b70   0x000000d4   Code   RO         1240    i.SPI_Initialize    spi_stm32f4xx.o
    0x08007c44   0x08007c44   0x00000124   Code   RO         1241    i.SPI_PeripheralReset  spi_stm32f4xx.o
    0x08007d68   0x08007d68   0x00000104   Code   RO         1242    i.SPI_PowerControl  spi_stm32f4xx.o
    0x08007e6c   0x08007e6c   0x00000088   Code   RO         1243    i.SPI_Receive       spi_stm32f4xx.o
    0x08007ef4   0x08007ef4   0x00000056   Code   RO         1244    i.SPI_RxData        spi_stm32f4xx.o
    0x08007f4a   0x08007f4a   0x00000088   Code   RO         1245    i.SPI_Send          spi_stm32f4xx.o
    0x08007fd2   0x08007fd2   0x00000076   Code   RO         1246    i.SPI_Transfer      spi_stm32f4xx.o
    0x08008048   0x08008048   0x00000054   Code   RO         1247    i.SPI_TxData        spi_stm32f4xx.o
    0x0800809c   0x0800809c   0x00000066   Code   RO         1248    i.SPI_Uninitialize  spi_stm32f4xx.o
    0x08008102   0x08008102   0x00000002   PAD
    0x08008104   0x08008104   0x0000003c   Code   RO          638    i.Seek_Down         rda5807m.o
    0x08008140   0x08008140   0x0000003c   Code   RO          639    i.Seek_Up           rda5807m.o
    0x0800817c   0x0800817c   0x000000c0   Code   RO          640    i.Set_Freq          rda5807m.o
    0x0800823c   0x0800823c   0x0000005c   Code   RO          641    i.Set_Vol           rda5807m.o
    0x08008298   0x08008298   0x000000c0   Code   RO            6    i.SystemClock_Config  main.o
    0x08008358   0x08008358   0x000000c0   Code   RO         4815    i.SystemCoreClockUpdate  system_stm32f4xx.o
    0x08008418   0x08008418   0x00000010   Code   RO         4816    i.SystemInit        system_stm32f4xx.o
    0x08008428   0x08008428   0x000000d8   Code   RO         3693    i.TIM_Base_SetConfig  stm32f4xx_hal_tim.o
    0x08008500   0x08008500   0x00000022   Code   RO         3694    i.TIM_CCxChannelCmd  stm32f4xx_hal_tim.o
    0x08008522   0x08008522   0x00000002   PAD
    0x08008524   0x08008524   0x00000070   Code   RO         3706    i.TIM_OC1_SetConfig  stm32f4xx_hal_tim.o
    0x08008594   0x08008594   0x0000007c   Code   RO         3707    i.TIM_OC2_SetConfig  stm32f4xx_hal_tim.o
    0x08008610   0x08008610   0x00000078   Code   RO         3708    i.TIM_OC3_SetConfig  stm32f4xx_hal_tim.o
    0x08008688   0x08008688   0x00000054   Code   RO         3709    i.TIM_OC4_SetConfig  stm32f4xx_hal_tim.o
    0x080086dc   0x080086dc   0x0000006c   Code   RO          830    i.ThCom             com.o
    0x08008748   0x08008748   0x00000ed8   Code   RO          513    i.ThCtrl            control.o
    0x08009620   0x08009620   0x00000030   Code   RO          737    i.ThPwm             pwm.o
    0x08009650   0x08009650   0x00000080   Code   RO          642    i.ThRDA             rda5807m.o
    0x080096d0   0x080096d0   0x000000b4   Code   RO          778    i.ThVol             vol.o
    0x08009784   0x08009784   0x00000100   Code   RO          273    i.Thjoy             thjoy.o
    0x08009884   0x08009884   0x0000004c   Code   RO          371    i.Thlcd             thlcd.o
    0x080098d0   0x080098d0   0x00000184   Code   RO          585    i.Thread_Temperatura  temp.o
    0x08009a54   0x08009a54   0x00000014   Code   RO          462    i.Thtime            time.o
    0x08009a68   0x08009a68   0x000000f8   Code   RO          463    i.Timer1_Callback   time.o
    0x08009b60   0x08009b60   0x00000014   Code   RO          586    i.Timer_Temp_Callback  temp.o
    0x08009b74   0x08009b74   0x00000014   Code   RO          274    i.Timer_long_pulse_Callback  thjoy.o
    0x08009b88   0x08009b88   0x00000014   Code   RO          275    i.Timer_rebotes_Callback  thjoy.o
    0x08009b9c   0x08009b9c   0x00000018   Code   RO         1392    i.USART3_Control    usart_stm32f4xx.o
    0x08009bb4   0x08009bb4   0x00000010   Code   RO         1393    i.USART3_GetCapabilities  usart_stm32f4xx.o
    0x08009bc4   0x08009bc4   0x00000010   Code   RO         1394    i.USART3_GetModemStatus  usart_stm32f4xx.o
    0x08009bd4   0x08009bd4   0x00000010   Code   RO         1395    i.USART3_GetRxCount  usart_stm32f4xx.o
    0x08009be4   0x08009be4   0x00000010   Code   RO         1396    i.USART3_GetStatus  usart_stm32f4xx.o
    0x08009bf4   0x08009bf4   0x00000010   Code   RO         1397    i.USART3_GetTxCount  usart_stm32f4xx.o
    0x08009c04   0x08009c04   0x00000010   Code   RO         1398    i.USART3_IRQHandler  usart_stm32f4xx.o
    0x08009c14   0x08009c14   0x00000014   Code   RO         1399    i.USART3_Initialize  usart_stm32f4xx.o
    0x08009c28   0x08009c28   0x00000014   Code   RO         1400    i.USART3_PowerControl  usart_stm32f4xx.o
    0x08009c3c   0x08009c3c   0x00000018   Code   RO         1401    i.USART3_Receive    usart_stm32f4xx.o
    0x08009c54   0x08009c54   0x00000018   Code   RO         1402    i.USART3_Send       usart_stm32f4xx.o
    0x08009c6c   0x08009c6c   0x00000014   Code   RO         1403    i.USART3_SetModemControl  usart_stm32f4xx.o
    0x08009c80   0x08009c80   0x0000001c   Code   RO         1404    i.USART3_Transfer   usart_stm32f4xx.o
    0x08009c9c   0x08009c9c   0x00000010   Code   RO         1405    i.USART3_Uninitialize  usart_stm32f4xx.o
    0x08009cac   0x08009cac   0x000008ec   Code   RO         1406    i.USART_Control     usart_stm32f4xx.o
    0x0800a598   0x0800a598   0x00000006   Code   RO         1407    i.USART_GetCapabilities  usart_stm32f4xx.o
    0x0800a59e   0x0800a59e   0x00000052   Code   RO         1408    i.USART_GetModemStatus  usart_stm32f4xx.o
    0x0800a5f0   0x0800a5f0   0x00000008   Code   RO         1409    i.USART_GetRxCount  usart_stm32f4xx.o
    0x0800a5f8   0x0800a5f8   0x00000076   Code   RO         1410    i.USART_GetStatus   usart_stm32f4xx.o
    0x0800a66e   0x0800a66e   0x00000008   Code   RO         1411    i.USART_GetTxCount  usart_stm32f4xx.o
    0x0800a676   0x0800a676   0x00000272   Code   RO         1412    i.USART_IRQHandler  usart_stm32f4xx.o
    0x0800a8e8   0x0800a8e8   0x00000092   Code   RO         1413    i.USART_Initialize  usart_stm32f4xx.o
    0x0800a97a   0x0800a97a   0x00000002   PAD
    0x0800a97c   0x0800a97c   0x0000019c   Code   RO         1414    i.USART_PeripheralReset  usart_stm32f4xx.o
    0x0800ab18   0x0800ab18   0x00000364   Code   RO         1415    i.USART_PowerControl  usart_stm32f4xx.o
    0x0800ae7c   0x0800ae7c   0x000000a2   Code   RO         1416    i.USART_Receive     usart_stm32f4xx.o
    0x0800af1e   0x0800af1e   0x00000088   Code   RO         1417    i.USART_Send        usart_stm32f4xx.o
    0x0800afa6   0x0800afa6   0x0000008c   Code   RO         1418    i.USART_SetModemControl  usart_stm32f4xx.o
    0x0800b032   0x0800b032   0x0000006a   Code   RO         1419    i.USART_Transfer    usart_stm32f4xx.o
    0x0800b09c   0x0800b09c   0x0000006a   Code   RO         1420    i.USART_Uninitialize  usart_stm32f4xx.o
    0x0800b106   0x0800b106   0x00000002   PAD
    0x0800b108   0x0800b108   0x00000010   Code   RO         1421    i.USARTx_GetVersion  usart_stm32f4xx.o
    0x0800b118   0x0800b118   0x00000004   Code   RO          216    i.UsageFault_Handler  stm32f4xx_it.o
    0x0800b11c   0x0800b11c   0x000000a4   Code   RO          643    i.WriteAll          rda5807m.o
    0x0800b1c0   0x0800b1c0   0x00000028   Code   RO         5535    i.__ARM_fpclassify  m_ws.l(fpclassify.o)
    0x0800b1e8   0x0800b1e8   0x00000010   Code   RO         2064    i.__NVIC_GetPriorityGrouping  stm32f4xx_hal_cortex.o
    0x0800b1f8   0x0800b1f8   0x00000028   Code   RO         2065    i.__NVIC_SetPriority  stm32f4xx_hal_cortex.o
    0x0800b220   0x0800b220   0x0000000e   Code   RO         5378    i._is_digit         c_w.l(__printf_wp.o)
    0x0800b22e   0x0800b22e   0x00000016   Code   RO          873    i._mutex_acquire    rtx_lib.o
    0x0800b244   0x0800b244   0x0000000c   Code   RO          874    i._mutex_free       rtx_lib.o
    0x0800b250   0x0800b250   0x00000022   Code   RO          875    i._mutex_initialize  rtx_lib.o
    0x0800b272   0x0800b272   0x00000012   Code   RO          876    i._mutex_release    rtx_lib.o
    0x0800b284   0x0800b284   0x00000008   Code   RO          877    i._platform_post_stackheap_init  rtx_lib.o
    0x0800b28c   0x0800b28c   0x0000002c   Code   RO          276    i.addItemToQueue    thjoy.o
    0x0800b2b8   0x0800b2b8   0x00000024   Code   RO          644    i.bajar_100khz      rda5807m.o
    0x0800b2dc   0x0800b2dc   0x00000034   Code   RO          514    i.calcular_rssi_menor  control.o
    0x0800b310   0x0800b310   0x00000014   Code   RO          645    i.callback_i2c      rda5807m.o
    0x0800b324   0x0800b324   0x00000080   Code   RO          372    i.delay             thlcd.o
    0x0800b3a4   0x0800b3a4   0x000000e8   Code   RO          515    i.init_ctrl         control.o
    0x0800b48c   0x0800b48c   0x0000001c   Code   RO          516    i.init_frec_mem     control.o
    0x0800b4a8   0x0800b4a8   0x0000007c   Code   RO          517    i.init_registros_rssi  control.o
    0x0800b524   0x0800b524   0x00000028   Code   RO          518    i.lcd_clean         control.o
    0x0800b54c   0x0800b54c   0x00000022   Code   RO            7    i.main              main.o
    0x0800b56e   0x0800b56e   0x00000002   PAD
    0x0800b570   0x0800b570   0x000000cc   Code   RO          519    i.memorizacion_automatica  control.o
    0x0800b63c   0x0800b63c   0x0000002c   Code   RO          831    i.myUSART_callback  com.o
    0x0800b668   0x0800b668   0x00000020   Code   RO          957    i.osRtxErrorNotify  rtx_config.o
    0x0800b688   0x0800b688   0x00000004   Code   RO          958    i.osRtxIdleThread   rtx_config.o
    0x0800b68c   0x0800b68c   0x00000020   Code   RO          878    i.os_kernel_is_active  rtx_lib.o
    0x0800b6ac   0x0800b6ac   0x00000024   Code   RO          646    i.subir_100khz      rda5807m.o
    0x0800b6d0   0x0800b6d0   0x0000001c   Code   RO          373    i.symbolToLocalBuffer  thlcd.o
    0x0800b6ec   0x0800b6ec   0x00000068   Code   RO          374    i.symbolToLocalBuffer_L1  thlcd.o
    0x0800b754   0x0800b754   0x0000006c   Code   RO          375    i.symbolToLocalBuffer_L2  thlcd.o
    0x0800b7c0   0x0800b7c0   0x0000001c   Code   RO          464    i.timer_init        time.o
    0x0800b7dc   0x0800b7dc   0x0000001c   Code   RO          277    i.timer_long_pulse_init  thjoy.o
    0x0800b7f8   0x0800b7f8   0x00000014   Code   RO          278    i.timer_long_pulse_start  thjoy.o
    0x0800b80c   0x0800b80c   0x00000010   Code   RO          279    i.timer_long_pulse_stop  thjoy.o
    0x0800b81c   0x0800b81c   0x0000001c   Code   RO          280    i.timer_rebotes_init  thjoy.o
    0x0800b838   0x0800b838   0x00000014   Code   RO          281    i.timer_rebotes_start  thjoy.o
    0x0800b84c   0x0800b84c   0x00000020   Code   RO          465    i.timer_restart     time.o
    0x0800b86c   0x0800b86c   0x00000014   Code   RO          466    i.timer_start       time.o
    0x0800b880   0x0800b880   0x00000010   Code   RO          467    i.timer_stop        time.o
    0x0800b890   0x0800b890   0x0000002c   Code   RO         5531    locale$$code        c_w.l(lc_numeric_c.o)
    0x0800b8bc   0x0800b8bc   0x00000062   Code   RO         5404    x$fpl$d2f           fz_ws.l(d2f.o)
    0x0800b91e   0x0800b91e   0x00000002   PAD
    0x0800b920   0x0800b920   0x00000150   Code   RO         5406    x$fpl$dadd          fz_ws.l(daddsub_clz.o)
    0x0800ba70   0x0800ba70   0x000002b0   Code   RO         5413    x$fpl$ddiv          fz_ws.l(ddiv.o)
    0x0800bd20   0x0800bd20   0x0000005e   Code   RO         5416    x$fpl$dfix          fz_ws.l(dfix.o)
    0x0800bd7e   0x0800bd7e   0x00000002   PAD
    0x0800bd80   0x0800bd80   0x00000154   Code   RO         5420    x$fpl$dmul          fz_ws.l(dmul.o)
    0x0800bed4   0x0800bed4   0x0000009c   Code   RO         5464    x$fpl$dnaninf       fz_ws.l(dnaninf.o)
    0x0800bf70   0x0800bf70   0x0000000c   Code   RO         5466    x$fpl$dretinf       fz_ws.l(dretinf.o)
    0x0800bf7c   0x0800bf7c   0x000001d4   Code   RO         5408    x$fpl$dsub          fz_ws.l(daddsub_clz.o)
    0x0800c150   0x0800c150   0x00000056   Code   RO         5422    x$fpl$f2d           fz_ws.l(f2d.o)
    0x0800c1a6   0x0800c1a6   0x00000002   PAD
    0x0800c1a8   0x0800c1a8   0x000000c4   Code   RO         5424    x$fpl$fadd          fz_ws.l(faddsub_clz.o)
    0x0800c26c   0x0800c26c   0x00000018   Code   RO         5468    x$fpl$fcmpinf       fz_ws.l(fcmpi.o)
    0x0800c284   0x0800c284   0x00000184   Code   RO         5431    x$fpl$fdiv          fz_ws.l(fdiv.o)
    0x0800c408   0x0800c408   0x00000030   Code   RO         5435    x$fpl$fflt          fz_ws.l(fflt_clz.o)
    0x0800c438   0x0800c438   0x00000026   Code   RO         5434    x$fpl$ffltu         fz_ws.l(fflt_clz.o)
    0x0800c45e   0x0800c45e   0x00000002   PAD
    0x0800c460   0x0800c460   0x00000068   Code   RO         5440    x$fpl$fleqf         fz_ws.l(fleqf.o)
    0x0800c4c8   0x0800c4c8   0x00000102   Code   RO         5442    x$fpl$fmul          fz_ws.l(fmul.o)
    0x0800c5ca   0x0800c5ca   0x0000008c   Code   RO         5470    x$fpl$fnaninf       fz_ws.l(fnaninf.o)
    0x0800c656   0x0800c656   0x0000000a   Code   RO         5472    x$fpl$fretinf       fz_ws.l(fretinf.o)
    0x0800c660   0x0800c660   0x00000062   Code   RO         5444    x$fpl$frleqf        fz_ws.l(frleqf.o)
    0x0800c6c2   0x0800c6c2   0x00000002   PAD
    0x0800c6c4   0x0800c6c4   0x000000ea   Code   RO         5426    x$fpl$fsub          fz_ws.l(faddsub_clz.o)
    0x0800c7ae   0x0800c7ae   0x00000004   Code   RO         5446    x$fpl$printf1       fz_ws.l(printf1.o)
    0x0800c7b2   0x0800c7b2   0x00000000   Code   RO         5474    x$fpl$usenofp       fz_ws.l(usenofp.o)
    0x0800c7b2   0x0800c7b2   0x00000960   Data   RO          377    .constdata          thlcd.o
    0x0800d112   0x0800d112   0x00000002   PAD
    0x0800d114   0x0800d114   0x00000068   Data   RO          886    .constdata          rtx_lib.o
    0x0800d17c   0x0800d17c   0x000000c8   Data   RO         1031    .constdata          i2c_stm32f4xx.o
    0x0800d244   0x0800d244   0x00000080   Data   RO         1250    .constdata          spi_stm32f4xx.o
    0x0800d2c4   0x0800d2c4   0x00000088   Data   RO         1423    .constdata          usart_stm32f4xx.o
    0x0800d34c   0x0800d34c   0x00000008   Data   RO         2201    .constdata          stm32f4xx_hal_dma.o
    0x0800d354   0x0800d354   0x00000018   Data   RO         4817    .constdata          system_stm32f4xx.o
    0x0800d36c   0x0800d36c   0x00000028   Data   RO         5351    .constdata          c_w.l(_printf_hex_int.o)
    0x0800d394   0x0800d394   0x00000094   Data   RO         5506    .constdata          c_w.l(bigflt0.o)
    0x0800d428   0x0800d428   0x000000a8   Data   RO          888    .rodata             rtx_lib.o
    0x0800d4d0   0x0800d4d0   0x00000001   Data   RO         5222    .rodata             RTX_CM3.lib(irq_armv7m.o)
    0x0800d4d1   0x0800d4d1   0x00000003   PAD
    0x0800d4d4   0x0800d4d4   0x0000000b   Data   RO         4912    .rodata.str1.4      RTX_CM3.lib(rtx_kernel.o)
    0x0800d4df   0x0800d4df   0x00000001   PAD
    0x0800d4e0   0x0800d4e0   0x00000020   Data   RO         5680    Region$$Table       anon$$obj.o
    0x0800d500   0x0800d500   0x0000001c   Data   RO         5530    locale$$data        c_w.l(lc_numeric_c.o)


    Execution Region RW_IRAM1 (Exec base: 0x20000000, Load base: 0x0800d51c, Size: 0x00009320, Max: 0x00030000, ABSOLUTE, COMPRESSED[0x00000134])

    Exec Addr    Load Addr    Size         Type   Attr      Idx    E Section Name        Object

    0x20000000   COMPRESSED   0x00008040   Data   RW          879    .bss.os             rtx_lib.o
    0x20008040   COMPRESSED   0x00000034   Data   RW          881    .bss.os.msgqueue.cb  rtx_lib.o
    0x20008074   COMPRESSED   0x00000050   Data   RW          882    .bss.os.msgqueue.mem  rtx_lib.o
    0x200080c4   COMPRESSED   0x00000088   Data   RW          883    .bss.os.thread.cb   rtx_lib.o
    0x2000814c   COMPRESSED   0x00000004   PAD
    0x20008150   COMPRESSED   0x00000200   Data   RW          884    .bss.os.thread.idle.stack  rtx_lib.o
    0x20008350   COMPRESSED   0x00000200   Data   RW          885    .bss.os.thread.timer.stack  rtx_lib.o
    0x20008550   COMPRESSED   0x00000004   Data   RW            8    .data               main.o
    0x20008554   COMPRESSED   0x00000021   Data   RW          283    .data               thjoy.o
    0x20008575   COMPRESSED   0x00000003   PAD
    0x20008578   COMPRESSED   0x00000024   Data   RW          378    .data               thlcd.o
    0x2000859c   COMPRESSED   0x0000002c   Data   RW          468    .data               time.o
    0x200085c8   COMPRESSED   0x00000058   Data   RW          521    .data               control.o
    0x20008620   COMPRESSED   0x0000001c   Data   RW          587    .data               temp.o
    0x2000863c   COMPRESSED   0x00000028   Data   RW          648    .data               rda5807m.o
    0x20008664   COMPRESSED   0x00000004   Data   RW          739    .data               pwm.o
    0x20008668   COMPRESSED   0x00000009   Data   RW          779    .data               vol.o
    0x20008671   COMPRESSED   0x00000003   PAD
    0x20008674   COMPRESSED   0x0000000c   Data   RW          833    .data               com.o
    0x20008680   COMPRESSED   0x00000001   Data   RW          887    .data               rtx_lib.o
    0x20008681   COMPRESSED   0x00000003   PAD
    0x20008684   COMPRESSED   0x00000009   Data   RW         1602    .data               stm32f4xx_hal.o
    0x2000868d   COMPRESSED   0x00000003   PAD
    0x20008690   COMPRESSED   0x00000004   Data   RW         4818    .data               system_stm32f4xx.o
    0x20008694   COMPRESSED   0x000000a4   Data   RW         4913    .data.os            RTX_CM3.lib(rtx_kernel.o)
    0x20008738        -       0x00000014   Zero   RW          282    .bss                thjoy.o
    0x2000874c        -       0x00000280   Zero   RW          376    .bss                thlcd.o
    0x200089cc        -       0x00000108   Zero   RW          520    .bss                control.o
    0x20008ad4        -       0x00000060   Zero   RW          647    .bss                rda5807m.o
    0x20008b34        -       0x00000070   Zero   RW          738    .bss                pwm.o
    0x20008ba4        -       0x00000064   Zero   RW          832    .bss                com.o
    0x20008c08        -       0x00000050   Zero   RW         1030    .bss                i2c_stm32f4xx.o
    0x20008c58        -       0x0000002c   Zero   RW         1249    .bss                spi_stm32f4xx.o
    0x20008c84        -       0x00000038   Zero   RW         1422    .bss                usart_stm32f4xx.o
    0x20008cbc        -       0x00000060   Zero   RW         5538    .bss                c_w.l(libspace.o)
    0x20008d1c        -       0x00000001   Zero   RW         5327    .bss.os             RTX_CM3.lib(os_systick.o)
    0x20008d1d   COMPRESSED   0x00000003   PAD
    0x20008d20        -       0x00000200   Zero   RW         4806    HEAP                startup_stm32f429xx.o
    0x20008f20        -       0x00000400   Zero   RW         4805    STACK               startup_stm32f429xx.o


==============================================================================

Image component sizes


      Code (inc. data)   RO Data    RW Data    ZI Data      Debug   Object Name

       204         38          0         12        100       8352   com.o
      4720        920          0         88        264       7130   control.o
      6316        240        200          0         80      32198   i2c_stm32f4xx.o
       306         24          0          4          0     768445   main.o
       260         36          0          4        112       2169   pwm.o
      1388        244          0         40         96       8423   rda5807m.o
        36          6          0          0          0       1005   rtx_config.o
       126          4        272      34125          0      12618   rtx_lib.o
      4158        212        128          0         44      54035   spi_stm32f4xx.o
        64         26        428          0       1536        836   startup_stm32f429xx.o
       178         24          0          9          0       9854   stm32f4xx_hal.o
      1396         58          0          0          0       5952   stm32f4xx_hal_adc.o
       392         34          0          0          0      36272   stm32f4xx_hal_cortex.o
       858         10          8          0          0       6177   stm32f4xx_hal_dma.o
       980        106          0          0          0       4764   stm32f4xx_hal_gpio.o
      1800         84          0          0          0       5872   stm32f4xx_hal_rcc.o
      1456        100          0          0          0      12676   stm32f4xx_hal_tim.o
        20          0          0          0          0       2473   stm32f4xx_it.o
       208         28         24          4          0       2019   system_stm32f4xx.o
       524         52          0         28          0       3235   temp.o
      1016        132          0         33         20       7236   thjoy.o
      1320        152       2400         36        640      11578   thlcd.o
       384         68          0         44          0       3491   time.o
      5884        240        136          0         56      27987   usart_stm32f4xx.o
       552         68          0          9          0       4273   vol.o

    ----------------------------------------------------------------------
     34570       2906       3630      34452       2948    1039070   Object Totals
         0          0         32          0          0          0   (incl. Generated)
        24          0          2         16          0          0   (incl. Padding)

    ----------------------------------------------------------------------

      Code (inc. data)   RO Data    RW Data    ZI Data      Debug   Library Member Name

       148          8          1          0          0        591   irq_armv7m.o
       126         32          0          0          1       3197   os_systick.o
        58          4          0          0          0       2791   rtx_delay.o
       608         60         11        164          0      16501   rtx_kernel.o
       228          0          0          0          0       2537   rtx_memory.o
       188          0          0          0          0      16008   rtx_mempool.o
      1354         36          0          0          0      18657   rtx_msgqueue.o
       886         32          0          0          0       9962   rtx_mutex.o
       376         26          0          0          0       5296   rtx_system.o
      2048        104          0          0          0      31735   rtx_thread.o
       628         40          0          0          0      10397   rtx_timer.o
        90          0          0          0          0          0   __dczerorl2.o
         8          0          0          0          0         68   __main.o
       352          0          0          0          0         88   __printf_ss_wp.o
        14          0          0          0          0         68   __printf_wp.o
         0          0          0          0          0          0   __rtentry.o
        20          0          0          0          0          0   __rtentry2.o
         6          0          0          0          0          0   __rtentry4.o
        52          8          0          0          0          0   __scatter.o
        28          0          0          0          0          0   __scatter_zi.o
        48          6          0          0          0         96   _printf_char_common.o
         6          0          0          0          0          0   _printf_d.o
       120         16          0          0          0         92   _printf_dec.o
         6          0          0          0          0          0   _printf_f.o
      1054          0          0          0          0        216   _printf_fp_dec.o
       128         16          0          0          0         84   _printf_fp_infnan.o
        88          4         40          0          0         88   _printf_hex_int.o
       178          0          0          0          0         88   _printf_intcommon.o
         0          0          0          0          0          0   _printf_percent.o
         4          0          0          0          0          0   _printf_percent_end.o
         6          0          0          0          0          0   _printf_x.o
        10          0          0          0          0         68   _sputc.o
       228          4        148          0          0         96   bigflt0.o
      1936        128          0          0          0        672   btod.o
        18          0          0          0          0         80   exit.o
         6          0          0          0          0        152   heapauxi.o
         0          0          0          0          0          0   indicate_semi.o
        44         10         28          0          0         76   lc_numeric_c.o
         2          0          0          0          0          0   libinit.o
        18          0          0          0          0          0   libinit2.o
         2          0          0          0          0          0   libshutdown.o
         2          0          0          0          0          0   libshutdown2.o
         8          4          0          0         96         68   libspace.o
       138          0          0          0          0         80   lludiv10.o
       238          0          0          0          0        100   lludivv7m.o
        40          6          0          0          0         84   noretval__2sprintf.o
        10          0          0          0          0         76   rt_locale_twolibspace.o
        68          0          0          0          0         68   rt_memclr.o
        78          0          0          0          0         80   rt_memclr_w.o
       138          0          0          0          0         68   rt_memcpy_v6.o
       100          0          0          0          0         80   rt_memcpy_w.o
         2          0          0          0          0          0   rtexit.o
        10          0          0          0          0          0   rtexit2.o
       128          0          0          0          0         68   strcmpv7m.o
        62          0          0          0          0         76   strlen.o
        12          4          0          0          0         68   sys_exit.o
        74          0          0          0          0         80   sys_stackheap_outer.o
         2          0          0          0          0         68   use_no_semi.o
        98          4          0          0          0         92   d2f.o
       804         16          0          0          0        272   daddsub_clz.o
       688        140          0          0          0        208   ddiv.o
        94          4          0          0          0         92   dfix.o
       340         12          0          0          0        104   dmul.o
       156          4          0          0          0         92   dnaninf.o
        12          0          0          0          0         68   dretinf.o
        86          4          0          0          0         84   f2d.o
       430          8          0          0          0        168   faddsub_clz.o
        24          0          0          0          0         68   fcmpi.o
       388         76          0          0          0         96   fdiv.o
        86          0          0          0          0        136   fflt_clz.o
       104          4          0          0          0         84   fleqf.o
       258          4          0          0          0         84   fmul.o
       140          4          0          0          0         84   fnaninf.o
        10          0          0          0          0         68   fretinf.o
        98          0          0          0          0         68   frleqf.o
         4          0          0          0          0         68   printf1.o
         0          0          0          0          0          0   usenofp.o
        40          0          0          0          0         68   fpclassify.o

    ----------------------------------------------------------------------
     16124        828        232        164        100     122772   Library Totals
        34          0          4          0          3          0   (incl. Padding)

    ----------------------------------------------------------------------

      Code (inc. data)   RO Data    RW Data    ZI Data      Debug   Library Name

      6648        342         12        164          1     117672   RTX_CM3.lib
      5582        206        216          0         96       3096   c_w.l
      3820        280          0          0          0       1936   fz_ws.l
        40          0          0          0          0         68   m_ws.l

    ----------------------------------------------------------------------
     16124        828        232        164        100     122772   Library Totals

    ----------------------------------------------------------------------

==============================================================================


      Code (inc. data)   RO Data    RW Data    ZI Data      Debug   

     50694       3734       3862      34616       3048    1146146   Grand Totals
     50694       3734       3862        308       3048    1146146   ELF Image Totals (compressed)
     50694       3734       3862        308          0          0   ROM Totals

==============================================================================

    Total RO  Size (Code + RO Data)                54556 (  53.28kB)
    Total RW  Size (RW Data + ZI Data)             37664 (  36.78kB)
    Total ROM Size (Code + RO Data + RW Data)      54864 (  53.58kB)

==============================================================================

